Archive member included to satisfy reference by file (symbol)

c:/program files (x86)/gnu tools arm embedded/6 2017-q2-update/bin/../lib/gcc/arm-none-eabi/6.3.1/thumb/v7e-m/fpv4-sp/hard\libgcc.a(_arm_addsubdf3.o)
                              ./Sources/drive/quad.o (__aeabi_i2d)
c:/program files (x86)/gnu tools arm embedded/6 2017-q2-update/bin/../lib/gcc/arm-none-eabi/6.3.1/thumb/v7e-m/fpv4-sp/hard\libgcc.a(_arm_muldivdf3.o)
                              ./Sources/drive/quad.o (__aeabi_dmul)
c:/program files (x86)/gnu tools arm embedded/6 2017-q2-update/bin/../lib/gcc/arm-none-eabi/6.3.1/thumb/v7e-m/fpv4-sp/hard\libgcc.a(_arm_fixdfsi.o)
                              ./Sources/drive/quad.o (__aeabi_d2iz)
c:/program files (x86)/gnu tools arm embedded/6 2017-q2-update/bin/../lib/gcc/arm-none-eabi/6.3.1/../../../../arm-none-eabi/lib/thumb/v7e-m/fpv4-sp/hard\libg_nano.a(lib_a-exit.o)
                              c:/program files (x86)/gnu tools arm embedded/6 2017-q2-update/bin/../lib/gcc/arm-none-eabi/6.3.1/../../../../arm-none-eabi/lib/thumb/v7e-m/fpv4-sp/hard/crt0.o (exit)
c:/program files (x86)/gnu tools arm embedded/6 2017-q2-update/bin/../lib/gcc/arm-none-eabi/6.3.1/../../../../arm-none-eabi/lib/thumb/v7e-m/fpv4-sp/hard\libg_nano.a(lib_a-impure.o)
                              c:/program files (x86)/gnu tools arm embedded/6 2017-q2-update/bin/../lib/gcc/arm-none-eabi/6.3.1/../../../../arm-none-eabi/lib/thumb/v7e-m/fpv4-sp/hard\libg_nano.a(lib_a-exit.o) (_global_impure_ptr)
c:/program files (x86)/gnu tools arm embedded/6 2017-q2-update/bin/../lib/gcc/arm-none-eabi/6.3.1/../../../../arm-none-eabi/lib/thumb/v7e-m/fpv4-sp/hard\libg_nano.a(lib_a-init.o)
                              c:/program files (x86)/gnu tools arm embedded/6 2017-q2-update/bin/../lib/gcc/arm-none-eabi/6.3.1/../../../../arm-none-eabi/lib/thumb/v7e-m/fpv4-sp/hard/crt0.o (__libc_init_array)
c:/program files (x86)/gnu tools arm embedded/6 2017-q2-update/bin/../lib/gcc/arm-none-eabi/6.3.1/../../../../arm-none-eabi/lib/thumb/v7e-m/fpv4-sp/hard\libg_nano.a(lib_a-memset.o)
                              c:/program files (x86)/gnu tools arm embedded/6 2017-q2-update/bin/../lib/gcc/arm-none-eabi/6.3.1/../../../../arm-none-eabi/lib/thumb/v7e-m/fpv4-sp/hard/crt0.o (memset)
c:/program files (x86)/gnu tools arm embedded/6 2017-q2-update/bin/../lib/gcc/arm-none-eabi/6.3.1/../../../../arm-none-eabi/lib/thumb/v7e-m/fpv4-sp/hard\libg_nano.a(lib_a-strcmp.o)
                              ./Sources/drive/motor.o (strcmp)
c:/program files (x86)/gnu tools arm embedded/6 2017-q2-update/bin/../lib/gcc/arm-none-eabi/6.3.1/../../../../arm-none-eabi/lib/thumb/v7e-m/fpv4-sp/hard\libg_nano.a(lib_a-strlen.o)
                              ./Sources/com/term.o (strlen)
c:/program files (x86)/gnu tools arm embedded/6 2017-q2-update/bin/../lib/gcc/arm-none-eabi/6.3.1/../../../../arm-none-eabi/lib/thumb/v7e-m/fpv4-sp/hard\libg_nano.a(lib_a-strncmp.o)
                              ./Sources/drive/motor.o (strncmp)
c:/program files (x86)/gnu tools arm embedded/6 2017-q2-update/bin/../lib/gcc/arm-none-eabi/6.3.1/../../../../arm-none-eabi/lib/thumb/v7e-m/fpv4-sp/hard\libg_nano.a(lib_a-strncpy.o)
                              ./Sources/com/term.o (strncpy)
c:/program files (x86)/gnu tools arm embedded/6 2017-q2-update/bin/../lib/gcc/arm-none-eabi/6.3.1/../../../../arm-none-eabi/lib/thumb/v7e-m/fpv4-sp/hard\libnosys.a(_exit.o)
                              c:/program files (x86)/gnu tools arm embedded/6 2017-q2-update/bin/../lib/gcc/arm-none-eabi/6.3.1/../../../../arm-none-eabi/lib/thumb/v7e-m/fpv4-sp/hard\libg_nano.a(lib_a-exit.o) (_exit)

Allocating common symbols
Common symbol       size              file

sri                 0x1               ./Sources/drive/drive.o
sl                  0x200             ./Sources/drive/drive.o
sli                 0x1               ./Sources/drive/drive.o
sr                  0x200             ./Sources/drive/drive.o

Discarded input sections

 .text          0x00000000        0x0 c:/program files (x86)/gnu tools arm embedded/6 2017-q2-update/bin/../lib/gcc/arm-none-eabi/6.3.1/thumb/v7e-m/fpv4-sp/hard/crti.o
 .data          0x00000000        0x0 c:/program files (x86)/gnu tools arm embedded/6 2017-q2-update/bin/../lib/gcc/arm-none-eabi/6.3.1/thumb/v7e-m/fpv4-sp/hard/crti.o
 .bss           0x00000000        0x0 c:/program files (x86)/gnu tools arm embedded/6 2017-q2-update/bin/../lib/gcc/arm-none-eabi/6.3.1/thumb/v7e-m/fpv4-sp/hard/crti.o
 .data          0x00000000        0x4 c:/program files (x86)/gnu tools arm embedded/6 2017-q2-update/bin/../lib/gcc/arm-none-eabi/6.3.1/thumb/v7e-m/fpv4-sp/hard/crtbegin.o
 .data          0x00000000        0x0 c:/program files (x86)/gnu tools arm embedded/6 2017-q2-update/bin/../lib/gcc/arm-none-eabi/6.3.1/../../../../arm-none-eabi/lib/thumb/v7e-m/fpv4-sp/hard/crt0.o
 .bss           0x00000000        0x0 c:/program files (x86)/gnu tools arm embedded/6 2017-q2-update/bin/../lib/gcc/arm-none-eabi/6.3.1/../../../../arm-none-eabi/lib/thumb/v7e-m/fpv4-sp/hard/crt0.o
 .ARM.extab     0x00000000        0x0 c:/program files (x86)/gnu tools arm embedded/6 2017-q2-update/bin/../lib/gcc/arm-none-eabi/6.3.1/../../../../arm-none-eabi/lib/thumb/v7e-m/fpv4-sp/hard/crt0.o
 .group         0x00000000        0x8 ./Sources/utils/ftm0.o
 .group         0x00000000        0x8 ./Sources/utils/ftm0.o
 .group         0x00000000        0x8 ./Sources/utils/ftm0.o
 .group         0x00000000        0x8 ./Sources/utils/ftm0.o
 .group         0x00000000        0x8 ./Sources/utils/ftm0.o
 .group         0x00000000        0x8 ./Sources/utils/ftm0.o
 .group         0x00000000        0x8 ./Sources/utils/ftm0.o
 .group         0x00000000        0x8 ./Sources/utils/ftm0.o
 .group         0x00000000        0x8 ./Sources/utils/ftm0.o
 .group         0x00000000        0x8 ./Sources/utils/ftm0.o
 .group         0x00000000        0x8 ./Sources/utils/ftm0.o
 .group         0x00000000        0x8 ./Sources/utils/ftm0.o
 .group         0x00000000        0x8 ./Sources/utils/ftm0.o
 .group         0x00000000        0x8 ./Sources/utils/ftm0.o
 .group         0x00000000        0x8 ./Sources/utils/ftm0.o
 .group         0x00000000        0x8 ./Sources/utils/ftm0.o
 .group         0x00000000        0x8 ./Sources/utils/ftm0.o
 .text          0x00000000        0x0 ./Sources/utils/ftm0.o
 .data          0x00000000        0x0 ./Sources/utils/ftm0.o
 .bss           0x00000000        0x0 ./Sources/utils/ftm0.o
 .text.NVIC_EnableIRQ
                0x00000000       0x34 ./Sources/utils/ftm0.o
 .text.NVIC_SetPriority
                0x00000000       0x54 ./Sources/utils/ftm0.o
 .text.ftm0Init
                0x00000000       0x44 ./Sources/utils/ftm0.o
 .group         0x00000000        0x8 ./Sources/utils/ftm3.o
 .group         0x00000000        0x8 ./Sources/utils/ftm3.o
 .group         0x00000000        0x8 ./Sources/utils/ftm3.o
 .group         0x00000000        0x8 ./Sources/utils/ftm3.o
 .group         0x00000000        0x8 ./Sources/utils/ftm3.o
 .group         0x00000000        0x8 ./Sources/utils/ftm3.o
 .group         0x00000000        0x8 ./Sources/utils/ftm3.o
 .group         0x00000000        0x8 ./Sources/utils/ftm3.o
 .group         0x00000000        0x8 ./Sources/utils/ftm3.o
 .group         0x00000000        0x8 ./Sources/utils/ftm3.o
 .group         0x00000000        0x8 ./Sources/utils/ftm3.o
 .group         0x00000000        0x8 ./Sources/utils/ftm3.o
 .group         0x00000000        0x8 ./Sources/utils/ftm3.o
 .group         0x00000000        0x8 ./Sources/utils/ftm3.o
 .group         0x00000000        0x8 ./Sources/utils/ftm3.o
 .group         0x00000000        0x8 ./Sources/utils/ftm3.o
 .group         0x00000000        0x8 ./Sources/utils/ftm3.o
 .text          0x00000000        0x0 ./Sources/utils/ftm3.o
 .data          0x00000000        0x0 ./Sources/utils/ftm3.o
 .bss           0x00000000        0x0 ./Sources/utils/ftm3.o
 .text.NVIC_EnableIRQ
                0x00000000       0x34 ./Sources/utils/ftm3.o
 .text.NVIC_SetPriority
                0x00000000       0x54 ./Sources/utils/ftm3.o
 .text.ftm3Init
                0x00000000       0x4c ./Sources/utils/ftm3.o
 .debug_macro   0x00000000      0x898 ./Sources/utils/ftm3.o
 .debug_macro   0x00000000       0x16 ./Sources/utils/ftm3.o
 .debug_macro   0x00000000       0x22 ./Sources/utils/ftm3.o
 .debug_macro   0x00000000       0x4f ./Sources/utils/ftm3.o
 .debug_macro   0x00000000       0x51 ./Sources/utils/ftm3.o
 .debug_macro   0x00000000       0xef ./Sources/utils/ftm3.o
 .debug_macro   0x00000000       0x6a ./Sources/utils/ftm3.o
 .debug_macro   0x00000000      0x1df ./Sources/utils/ftm3.o
 .debug_macro   0x00000000       0x55 ./Sources/utils/ftm3.o
 .debug_macro   0x00000000       0x3b ./Sources/utils/ftm3.o
 .debug_macro   0x00000000       0x34 ./Sources/utils/ftm3.o
 .debug_macro   0x00000000       0x26 ./Sources/utils/ftm3.o
 .debug_macro   0x00000000      0xd1d ./Sources/utils/ftm3.o
 .debug_macro   0x00000000       0xd9 ./Sources/utils/ftm3.o
 .debug_macro   0x00000000     0xefee ./Sources/utils/ftm3.o
 .debug_macro   0x00000000      0x138 ./Sources/utils/ftm3.o
 .group         0x00000000        0x8 ./Sources/utils/led.o
 .group         0x00000000        0x8 ./Sources/utils/led.o
 .group         0x00000000        0x8 ./Sources/utils/led.o
 .group         0x00000000        0x8 ./Sources/utils/led.o
 .group         0x00000000        0x8 ./Sources/utils/led.o
 .group         0x00000000        0x8 ./Sources/utils/led.o
 .group         0x00000000        0x8 ./Sources/utils/led.o
 .group         0x00000000        0x8 ./Sources/utils/led.o
 .group         0x00000000        0x8 ./Sources/utils/led.o
 .group         0x00000000        0x8 ./Sources/utils/led.o
 .group         0x00000000        0x8 ./Sources/utils/led.o
 .group         0x00000000        0x8 ./Sources/utils/led.o
 .group         0x00000000        0x8 ./Sources/utils/led.o
 .group         0x00000000        0x8 ./Sources/utils/led.o
 .group         0x00000000        0x8 ./Sources/utils/led.o
 .group         0x00000000        0x8 ./Sources/utils/led.o
 .text          0x00000000        0x0 ./Sources/utils/led.o
 .data          0x00000000        0x0 ./Sources/utils/led.o
 .bss           0x00000000        0x0 ./Sources/utils/led.o
 .data.pwmTable256
                0x00000000      0x400 ./Sources/utils/led.o
 .data.pwmTable101
                0x00000000      0x194 ./Sources/utils/led.o
 .text.ledSetColorLeft
                0x00000000       0x4c ./Sources/utils/led.o
 .text.ledSetColorRight
                0x00000000       0x4c ./Sources/utils/led.o
 .text.ledSetColor
                0x00000000       0x8a ./Sources/utils/led.o
 .text.ledInit  0x00000000       0x70 ./Sources/utils/led.o
 .debug_info    0x00000000      0x4ee ./Sources/utils/led.o
 .debug_abbrev  0x00000000      0x156 ./Sources/utils/led.o
 .debug_aranges
                0x00000000       0x38 ./Sources/utils/led.o
 .debug_ranges  0x00000000       0x28 ./Sources/utils/led.o
 .debug_macro   0x00000000       0xeb ./Sources/utils/led.o
 .debug_macro   0x00000000      0x898 ./Sources/utils/led.o
 .debug_macro   0x00000000       0x16 ./Sources/utils/led.o
 .debug_macro   0x00000000       0x22 ./Sources/utils/led.o
 .debug_macro   0x00000000       0x4f ./Sources/utils/led.o
 .debug_macro   0x00000000       0x51 ./Sources/utils/led.o
 .debug_macro   0x00000000       0xef ./Sources/utils/led.o
 .debug_macro   0x00000000       0x6a ./Sources/utils/led.o
 .debug_macro   0x00000000      0x1df ./Sources/utils/led.o
 .debug_macro   0x00000000       0x55 ./Sources/utils/led.o
 .debug_macro   0x00000000       0x3b ./Sources/utils/led.o
 .debug_macro   0x00000000       0x34 ./Sources/utils/led.o
 .debug_macro   0x00000000       0x26 ./Sources/utils/led.o
 .debug_macro   0x00000000      0xd1d ./Sources/utils/led.o
 .debug_macro   0x00000000       0xd9 ./Sources/utils/led.o
 .debug_macro   0x00000000     0xefee ./Sources/utils/led.o
 .debug_macro   0x00000000      0x138 ./Sources/utils/led.o
 .debug_line    0x00000000      0x323 ./Sources/utils/led.o
 .debug_str     0x00000000    0x5faa3 ./Sources/utils/led.o
 .comment       0x00000000       0x80 ./Sources/utils/led.o
 .debug_frame   0x00000000       0xac ./Sources/utils/led.o
 .ARM.attributes
                0x00000000       0x39 ./Sources/utils/led.o
 .group         0x00000000        0x8 ./Sources/utils/util.o
 .group         0x00000000        0x8 ./Sources/utils/util.o
 .group         0x00000000        0x8 ./Sources/utils/util.o
 .group         0x00000000        0x8 ./Sources/utils/util.o
 .group         0x00000000        0x8 ./Sources/utils/util.o
 .group         0x00000000        0x8 ./Sources/utils/util.o
 .group         0x00000000        0x8 ./Sources/utils/util.o
 .group         0x00000000        0x8 ./Sources/utils/util.o
 .group         0x00000000        0x8 ./Sources/utils/util.o
 .group         0x00000000        0x8 ./Sources/utils/util.o
 .group         0x00000000        0x8 ./Sources/utils/util.o
 .group         0x00000000        0x8 ./Sources/utils/util.o
 .group         0x00000000        0x8 ./Sources/utils/util.o
 .group         0x00000000        0x8 ./Sources/utils/util.o
 .group         0x00000000        0x8 ./Sources/utils/util.o
 .group         0x00000000        0x8 ./Sources/utils/util.o
 .group         0x00000000        0x8 ./Sources/utils/util.o
 .group         0x00000000        0x8 ./Sources/utils/util.o
 .group         0x00000000        0x8 ./Sources/utils/util.o
 .group         0x00000000        0x8 ./Sources/utils/util.o
 .group         0x00000000        0x8 ./Sources/utils/util.o
 .group         0x00000000        0x8 ./Sources/utils/util.o
 .group         0x00000000        0x8 ./Sources/utils/util.o
 .group         0x00000000        0x8 ./Sources/utils/util.o
 .group         0x00000000        0x8 ./Sources/utils/util.o
 .group         0x00000000        0x8 ./Sources/utils/util.o
 .group         0x00000000        0x8 ./Sources/utils/util.o
 .group         0x00000000        0x8 ./Sources/utils/util.o
 .group         0x00000000        0x8 ./Sources/utils/util.o
 .text          0x00000000        0x0 ./Sources/utils/util.o
 .data          0x00000000        0x0 ./Sources/utils/util.o
 .bss           0x00000000        0x0 ./Sources/utils/util.o
 .text.utilStrcpy
                0x00000000       0x4a ./Sources/utils/util.o
 .text.utilStrcat
                0x00000000       0x66 ./Sources/utils/util.o
 .text.utilNum16uToStr
                0x00000000       0xec ./Sources/utils/util.o
 .rodata        0x00000000       0x14 ./Sources/utils/util.o
 .text.utilNum16sToStr
                0x00000000      0x140 ./Sources/utils/util.o
 .text.utilNum32uToStr
                0x00000000       0xe8 ./Sources/utils/util.o
 .text.utilNum32sToStr
                0x00000000      0x130 ./Sources/utils/util.o
 .text.utilStrcatNum16u
                0x00000000       0x32 ./Sources/utils/util.o
 .text.utilStrcatNum16s
                0x00000000       0x34 ./Sources/utils/util.o
 .text.utilStrcatNum32u
                0x00000000       0x30 ./Sources/utils/util.o
 .text.utilStrcatNum32s
                0x00000000       0x30 ./Sources/utils/util.o
 .text.utilScanDecimal16u
                0x00000000       0x9e ./Sources/utils/util.o
 .text.utilScanDecimal16s
                0x00000000       0x8a ./Sources/utils/util.o
 .debug_info    0x00000000      0xe54 ./Sources/utils/util.o
 .debug_abbrev  0x00000000      0x2b6 ./Sources/utils/util.o
 .debug_aranges
                0x00000000       0x78 ./Sources/utils/util.o
 .debug_ranges  0x00000000       0x68 ./Sources/utils/util.o
 .debug_macro   0x00000000      0x181 ./Sources/utils/util.o
 .debug_macro   0x00000000      0x898 ./Sources/utils/util.o
 .debug_macro   0x00000000       0x22 ./Sources/utils/util.o
 .debug_macro   0x00000000       0x52 ./Sources/utils/util.o
 .debug_macro   0x00000000       0x55 ./Sources/utils/util.o
 .debug_macro   0x00000000       0x35 ./Sources/utils/util.o
 .debug_macro   0x00000000       0x9c ./Sources/utils/util.o
 .debug_macro   0x00000000       0x16 ./Sources/utils/util.o
 .debug_macro   0x00000000      0x10e ./Sources/utils/util.o
 .debug_macro   0x00000000       0x86 ./Sources/utils/util.o
 .debug_macro   0x00000000       0x57 ./Sources/utils/util.o
 .debug_macro   0x00000000       0x58 ./Sources/utils/util.o
 .debug_macro   0x00000000       0x1f ./Sources/utils/util.o
 .debug_macro   0x00000000       0x43 ./Sources/utils/util.o
 .debug_macro   0x00000000       0x20 ./Sources/utils/util.o
 .debug_macro   0x00000000      0x187 ./Sources/utils/util.o
 .debug_macro   0x00000000      0x353 ./Sources/utils/util.o
 .debug_macro   0x00000000       0x22 ./Sources/utils/util.o
 .debug_macro   0x00000000       0x16 ./Sources/utils/util.o
 .debug_macro   0x00000000       0xef ./Sources/utils/util.o
 .debug_macro   0x00000000       0x6a ./Sources/utils/util.o
 .debug_macro   0x00000000      0x1df ./Sources/utils/util.o
 .debug_macro   0x00000000       0x55 ./Sources/utils/util.o
 .debug_macro   0x00000000       0x3b ./Sources/utils/util.o
 .debug_macro   0x00000000       0x34 ./Sources/utils/util.o
 .debug_macro   0x00000000       0x26 ./Sources/utils/util.o
 .debug_macro   0x00000000      0xd1d ./Sources/utils/util.o
 .debug_macro   0x00000000       0xd9 ./Sources/utils/util.o
 .debug_macro   0x00000000     0xefee ./Sources/utils/util.o
 .debug_macro   0x00000000      0x138 ./Sources/utils/util.o
 .debug_line    0x00000000      0x573 ./Sources/utils/util.o
 .debug_str     0x00000000    0x628e1 ./Sources/utils/util.o
 .comment       0x00000000       0x80 ./Sources/utils/util.o
 .debug_frame   0x00000000      0x1f0 ./Sources/utils/util.o
 .ARM.attributes
                0x00000000       0x39 ./Sources/utils/util.o
 .group         0x00000000        0x8 ./Sources/drive/drive.o
 .group         0x00000000        0x8 ./Sources/drive/drive.o
 .group         0x00000000        0x8 ./Sources/drive/drive.o
 .group         0x00000000        0x8 ./Sources/drive/drive.o
 .group         0x00000000        0x8 ./Sources/drive/drive.o
 .group         0x00000000        0x8 ./Sources/drive/drive.o
 .group         0x00000000        0x8 ./Sources/drive/drive.o
 .group         0x00000000        0x8 ./Sources/drive/drive.o
 .group         0x00000000        0x8 ./Sources/drive/drive.o
 .group         0x00000000        0x8 ./Sources/drive/drive.o
 .group         0x00000000        0x8 ./Sources/drive/drive.o
 .group         0x00000000        0x8 ./Sources/drive/drive.o
 .group         0x00000000        0x8 ./Sources/drive/drive.o
 .group         0x00000000        0x8 ./Sources/drive/drive.o
 .group         0x00000000        0x8 ./Sources/drive/drive.o
 .group         0x00000000        0x8 ./Sources/drive/drive.o
 .group         0x00000000        0x8 ./Sources/drive/drive.o
 .group         0x00000000        0x8 ./Sources/drive/drive.o
 .text          0x00000000        0x0 ./Sources/drive/drive.o
 .data          0x00000000        0x0 ./Sources/drive/drive.o
 .bss           0x00000000        0x0 ./Sources/drive/drive.o
 .bss.setValueLeft
                0x00000000        0x2 ./Sources/drive/drive.o
 .bss.setValueRight
                0x00000000        0x2 ./Sources/drive/drive.o
 .bss.kpL       0x00000000        0x1 ./Sources/drive/drive.o
 .bss.kiL       0x00000000        0x1 ./Sources/drive/drive.o
 .bss.kdL       0x00000000        0x1 ./Sources/drive/drive.o
 .bss.kpR       0x00000000        0x1 ./Sources/drive/drive.o
 .bss.kiR       0x00000000        0x1 ./Sources/drive/drive.o
 .bss.kdR       0x00000000        0x1 ./Sources/drive/drive.o
 .bss.integL    0x00000000        0x2 ./Sources/drive/drive.o
 .bss.devL      0x00000000        0x2 ./Sources/drive/drive.o
 .bss.devOldL   0x00000000        0x2 ./Sources/drive/drive.o
 .bss.integR    0x00000000        0x2 ./Sources/drive/drive.o
 .bss.devR      0x00000000        0x2 ./Sources/drive/drive.o
 .bss.devOldR   0x00000000        0x2 ./Sources/drive/drive.o
 .bss.valL      0x00000000        0x4 ./Sources/drive/drive.o
 .bss.valR      0x00000000        0x4 ./Sources/drive/drive.o
 .text.driveSetSpeed
                0x00000000       0x74 ./Sources/drive/drive.o
 .text.driveSetParameters
                0x00000000       0x50 ./Sources/drive/drive.o
 .text.driveToWork
                0x00000000      0x4c0 ./Sources/drive/drive.o
 .text.driveInit
                0x00000000       0x68 ./Sources/drive/drive.o
 .bss.speedLeft.6763
                0x00000000        0x2 ./Sources/drive/drive.o
 .bss.speedRight.6764
                0x00000000        0x2 ./Sources/drive/drive.o
 .bss.setValueR.6766
                0x00000000        0x2 ./Sources/drive/drive.o
 .bss.setValueL.6765
                0x00000000        0x2 ./Sources/drive/drive.o
 .debug_info    0x00000000      0x352 ./Sources/drive/drive.o
 .debug_abbrev  0x00000000      0x106 ./Sources/drive/drive.o
 .debug_aranges
                0x00000000       0x38 ./Sources/drive/drive.o
 .debug_ranges  0x00000000       0x28 ./Sources/drive/drive.o
 .debug_macro   0x00000000      0x103 ./Sources/drive/drive.o
 .debug_macro   0x00000000      0x898 ./Sources/drive/drive.o
 .debug_macro   0x00000000       0x16 ./Sources/drive/drive.o
 .debug_macro   0x00000000       0x22 ./Sources/drive/drive.o
 .debug_macro   0x00000000       0x4f ./Sources/drive/drive.o
 .debug_macro   0x00000000       0x51 ./Sources/drive/drive.o
 .debug_macro   0x00000000       0xef ./Sources/drive/drive.o
 .debug_macro   0x00000000       0x6a ./Sources/drive/drive.o
 .debug_macro   0x00000000      0x1df ./Sources/drive/drive.o
 .debug_macro   0x00000000       0x55 ./Sources/drive/drive.o
 .debug_macro   0x00000000       0x3b ./Sources/drive/drive.o
 .debug_macro   0x00000000       0x34 ./Sources/drive/drive.o
 .debug_macro   0x00000000       0x26 ./Sources/drive/drive.o
 .debug_macro   0x00000000      0xd1d ./Sources/drive/drive.o
 .debug_macro   0x00000000       0xd9 ./Sources/drive/drive.o
 .debug_macro   0x00000000     0xefee ./Sources/drive/drive.o
 .debug_macro   0x00000000      0x138 ./Sources/drive/drive.o
 .debug_macro   0x00000000       0x22 ./Sources/drive/drive.o
 .debug_macro   0x00000000       0x10 ./Sources/drive/drive.o
 .debug_line    0x00000000      0x3b0 ./Sources/drive/drive.o
 .debug_str     0x00000000    0x5f9a5 ./Sources/drive/drive.o
 .comment       0x00000000       0x80 ./Sources/drive/drive.o
 .debug_frame   0x00000000       0xac ./Sources/drive/drive.o
 .ARM.attributes
                0x00000000       0x39 ./Sources/drive/drive.o
 COMMON         0x00000000      0x408 ./Sources/drive/drive.o
 .group         0x00000000        0x8 ./Sources/drive/motor.o
 .group         0x00000000        0x8 ./Sources/drive/motor.o
 .group         0x00000000        0x8 ./Sources/drive/motor.o
 .group         0x00000000        0x8 ./Sources/drive/motor.o
 .group         0x00000000        0x8 ./Sources/drive/motor.o
 .group         0x00000000        0x8 ./Sources/drive/motor.o
 .group         0x00000000        0x8 ./Sources/drive/motor.o
 .group         0x00000000        0x8 ./Sources/drive/motor.o
 .group         0x00000000        0x8 ./Sources/drive/motor.o
 .group         0x00000000        0x8 ./Sources/drive/motor.o
 .group         0x00000000        0x8 ./Sources/drive/motor.o
 .group         0x00000000        0x8 ./Sources/drive/motor.o
 .group         0x00000000        0x8 ./Sources/drive/motor.o
 .group         0x00000000        0x8 ./Sources/drive/motor.o
 .group         0x00000000        0x8 ./Sources/drive/motor.o
 .group         0x00000000        0x8 ./Sources/drive/motor.o
 .group         0x00000000        0x8 ./Sources/drive/motor.o
 .group         0x00000000        0x8 ./Sources/drive/motor.o
 .group         0x00000000        0x8 ./Sources/drive/motor.o
 .group         0x00000000        0x8 ./Sources/drive/motor.o
 .group         0x00000000        0x8 ./Sources/drive/motor.o
 .group         0x00000000        0x8 ./Sources/drive/motor.o
 .group         0x00000000        0x8 ./Sources/drive/motor.o
 .group         0x00000000        0x8 ./Sources/drive/motor.o
 .group         0x00000000        0x8 ./Sources/drive/motor.o
 .group         0x00000000        0x8 ./Sources/drive/motor.o
 .group         0x00000000        0x8 ./Sources/drive/motor.o
 .group         0x00000000        0x8 ./Sources/drive/motor.o
 .group         0x00000000        0x8 ./Sources/drive/motor.o
 .group         0x00000000        0x8 ./Sources/drive/motor.o
 .text          0x00000000        0x0 ./Sources/drive/motor.o
 .data          0x00000000        0x0 ./Sources/drive/motor.o
 .bss           0x00000000        0x0 ./Sources/drive/motor.o
 .bss.clh       0x00000000       0x38 ./Sources/drive/motor.o
 .bss.valueRight
                0x00000000        0x1 ./Sources/drive/motor.o
 .bss.valueLeft
                0x00000000        0x1 ./Sources/drive/motor.o
 .text.motorIncrementPwmRight
                0x00000000       0x48 ./Sources/drive/motor.o
 .text.motorIncrementPwmLeft
                0x00000000       0x48 ./Sources/drive/motor.o
 .text.motorSetPwmRight
                0x00000000       0x9c ./Sources/drive/motor.o
 .text.motorSetPwmLeft
                0x00000000       0x9c ./Sources/drive/motor.o
 .rodata        0x00000000       0x78 ./Sources/drive/motor.o
 .text.motorParseCommand
                0x00000000      0x118 ./Sources/drive/motor.o
 .text.motorInit
                0x00000000       0xb8 ./Sources/drive/motor.o
 .debug_info    0x00000000      0xe18 ./Sources/drive/motor.o
 .debug_abbrev  0x00000000      0x27f ./Sources/drive/motor.o
 .debug_aranges
                0x00000000       0x48 ./Sources/drive/motor.o
 .debug_ranges  0x00000000       0x38 ./Sources/drive/motor.o
 .debug_macro   0x00000000      0x1c5 ./Sources/drive/motor.o
 .debug_macro   0x00000000      0x898 ./Sources/drive/motor.o
 .debug_macro   0x00000000       0x16 ./Sources/drive/motor.o
 .debug_macro   0x00000000       0x22 ./Sources/drive/motor.o
 .debug_macro   0x00000000       0x4f ./Sources/drive/motor.o
 .debug_macro   0x00000000       0x51 ./Sources/drive/motor.o
 .debug_macro   0x00000000       0xef ./Sources/drive/motor.o
 .debug_macro   0x00000000       0x6a ./Sources/drive/motor.o
 .debug_macro   0x00000000      0x1df ./Sources/drive/motor.o
 .debug_macro   0x00000000       0x55 ./Sources/drive/motor.o
 .debug_macro   0x00000000       0x3b ./Sources/drive/motor.o
 .debug_macro   0x00000000       0x34 ./Sources/drive/motor.o
 .debug_macro   0x00000000       0x26 ./Sources/drive/motor.o
 .debug_macro   0x00000000      0xd1d ./Sources/drive/motor.o
 .debug_macro   0x00000000       0xd9 ./Sources/drive/motor.o
 .debug_macro   0x00000000     0xefee ./Sources/drive/motor.o
 .debug_macro   0x00000000      0x138 ./Sources/drive/motor.o
 .debug_macro   0x00000000       0x10 ./Sources/drive/motor.o
 .debug_macro   0x00000000       0x1c ./Sources/drive/motor.o
 .debug_macro   0x00000000      0x16d ./Sources/drive/motor.o
 .debug_macro   0x00000000       0x58 ./Sources/drive/motor.o
 .debug_macro   0x00000000       0x35 ./Sources/drive/motor.o
 .debug_macro   0x00000000       0x9c ./Sources/drive/motor.o
 .debug_macro   0x00000000       0x58 ./Sources/drive/motor.o
 .debug_macro   0x00000000       0x1f ./Sources/drive/motor.o
 .debug_macro   0x00000000       0x43 ./Sources/drive/motor.o
 .debug_macro   0x00000000       0x20 ./Sources/drive/motor.o
 .debug_macro   0x00000000      0x187 ./Sources/drive/motor.o
 .debug_macro   0x00000000      0x353 ./Sources/drive/motor.o
 .debug_macro   0x00000000       0x10 ./Sources/drive/motor.o
 .debug_macro   0x00000000       0x35 ./Sources/drive/motor.o
 .debug_line    0x00000000      0x444 ./Sources/drive/motor.o
 .debug_str     0x00000000    0x62b97 ./Sources/drive/motor.o
 .comment       0x00000000       0x80 ./Sources/drive/motor.o
 .debug_frame   0x00000000       0xf4 ./Sources/drive/motor.o
 .ARM.attributes
                0x00000000       0x39 ./Sources/drive/motor.o
 .group         0x00000000        0x8 ./Sources/drive/quad.o
 .group         0x00000000        0x8 ./Sources/drive/quad.o
 .group         0x00000000        0x8 ./Sources/drive/quad.o
 .group         0x00000000        0x8 ./Sources/drive/quad.o
 .group         0x00000000        0x8 ./Sources/drive/quad.o
 .group         0x00000000        0x8 ./Sources/drive/quad.o
 .group         0x00000000        0x8 ./Sources/drive/quad.o
 .group         0x00000000        0x8 ./Sources/drive/quad.o
 .group         0x00000000        0x8 ./Sources/drive/quad.o
 .group         0x00000000        0x8 ./Sources/drive/quad.o
 .group         0x00000000        0x8 ./Sources/drive/quad.o
 .group         0x00000000        0x8 ./Sources/drive/quad.o
 .group         0x00000000        0x8 ./Sources/drive/quad.o
 .group         0x00000000        0x8 ./Sources/drive/quad.o
 .group         0x00000000        0x8 ./Sources/drive/quad.o
 .group         0x00000000        0x8 ./Sources/drive/quad.o
 .group         0x00000000        0x8 ./Sources/drive/quad.o
 .group         0x00000000        0x8 ./Sources/drive/quad.o
 .group         0x00000000        0x8 ./Sources/drive/quad.o
 .group         0x00000000        0x8 ./Sources/drive/quad.o
 .group         0x00000000        0x8 ./Sources/drive/quad.o
 .group         0x00000000        0x8 ./Sources/drive/quad.o
 .group         0x00000000        0x8 ./Sources/drive/quad.o
 .group         0x00000000        0x8 ./Sources/drive/quad.o
 .group         0x00000000        0x8 ./Sources/drive/quad.o
 .group         0x00000000        0x8 ./Sources/drive/quad.o
 .group         0x00000000        0x8 ./Sources/drive/quad.o
 .group         0x00000000        0x8 ./Sources/drive/quad.o
 .text          0x00000000        0x0 ./Sources/drive/quad.o
 .data          0x00000000        0x0 ./Sources/drive/quad.o
 .bss           0x00000000        0x0 ./Sources/drive/quad.o
 .text.NVIC_EnableIRQ
                0x00000000       0x34 ./Sources/drive/quad.o
 .text.NVIC_SetPriority
                0x00000000       0x54 ./Sources/drive/quad.o
 .bss.clh       0x00000000       0x38 ./Sources/drive/quad.o
 .text.quadGetSpeedLeft
                0x00000000       0x30 ./Sources/drive/quad.o
 .text.quadGetSpeedRight
                0x00000000       0x30 ./Sources/drive/quad.o
 .text.quadGetDistanceLeft
                0x00000000       0x50 ./Sources/drive/quad.o
 .text.quadGetDistanceRight
                0x00000000       0x50 ./Sources/drive/quad.o
 .rodata        0x00000000       0x7a ./Sources/drive/quad.o
 .text.quadParseCommand
                0x00000000      0x15c ./Sources/drive/quad.o
 .text.quadInit
                0x00000000       0xb0 ./Sources/drive/quad.o
 .debug_macro   0x00000000      0x898 ./Sources/drive/quad.o
 .debug_macro   0x00000000       0x22 ./Sources/drive/quad.o
 .debug_macro   0x00000000       0x52 ./Sources/drive/quad.o
 .debug_macro   0x00000000       0x55 ./Sources/drive/quad.o
 .debug_macro   0x00000000       0x35 ./Sources/drive/quad.o
 .debug_macro   0x00000000       0x9c ./Sources/drive/quad.o
 .debug_macro   0x00000000      0x16d ./Sources/drive/quad.o
 .debug_macro   0x00000000       0x57 ./Sources/drive/quad.o
 .debug_macro   0x00000000       0x58 ./Sources/drive/quad.o
 .debug_macro   0x00000000       0x1f ./Sources/drive/quad.o
 .debug_macro   0x00000000       0x43 ./Sources/drive/quad.o
 .debug_macro   0x00000000       0x20 ./Sources/drive/quad.o
 .debug_macro   0x00000000      0x187 ./Sources/drive/quad.o
 .debug_macro   0x00000000      0x353 ./Sources/drive/quad.o
 .debug_macro   0x00000000       0x10 ./Sources/drive/quad.o
 .debug_macro   0x00000000       0x35 ./Sources/drive/quad.o
 .debug_macro   0x00000000       0x16 ./Sources/drive/quad.o
 .debug_macro   0x00000000       0xef ./Sources/drive/quad.o
 .debug_macro   0x00000000       0x6a ./Sources/drive/quad.o
 .debug_macro   0x00000000      0x1df ./Sources/drive/quad.o
 .debug_macro   0x00000000       0x55 ./Sources/drive/quad.o
 .debug_macro   0x00000000       0x3b ./Sources/drive/quad.o
 .debug_macro   0x00000000       0x34 ./Sources/drive/quad.o
 .debug_macro   0x00000000       0x26 ./Sources/drive/quad.o
 .debug_macro   0x00000000      0xd1d ./Sources/drive/quad.o
 .debug_macro   0x00000000       0xd9 ./Sources/drive/quad.o
 .debug_macro   0x00000000     0xefee ./Sources/drive/quad.o
 .debug_macro   0x00000000      0x138 ./Sources/drive/quad.o
 .group         0x00000000        0x8 ./Sources/com/lpuart0.o
 .group         0x00000000        0x8 ./Sources/com/lpuart0.o
 .group         0x00000000        0x8 ./Sources/com/lpuart0.o
 .group         0x00000000        0x8 ./Sources/com/lpuart0.o
 .group         0x00000000        0x8 ./Sources/com/lpuart0.o
 .group         0x00000000        0x8 ./Sources/com/lpuart0.o
 .group         0x00000000        0x8 ./Sources/com/lpuart0.o
 .group         0x00000000        0x8 ./Sources/com/lpuart0.o
 .group         0x00000000        0x8 ./Sources/com/lpuart0.o
 .group         0x00000000        0x8 ./Sources/com/lpuart0.o
 .group         0x00000000        0x8 ./Sources/com/lpuart0.o
 .group         0x00000000        0x8 ./Sources/com/lpuart0.o
 .group         0x00000000        0x8 ./Sources/com/lpuart0.o
 .group         0x00000000        0x8 ./Sources/com/lpuart0.o
 .group         0x00000000        0x8 ./Sources/com/lpuart0.o
 .group         0x00000000        0x8 ./Sources/com/lpuart0.o
 .group         0x00000000        0x8 ./Sources/com/lpuart0.o
 .text          0x00000000        0x0 ./Sources/com/lpuart0.o
 .data          0x00000000        0x0 ./Sources/com/lpuart0.o
 .bss           0x00000000        0x0 ./Sources/com/lpuart0.o
 .debug_info    0x00000000       0xbf ./Sources/com/lpuart0.o
 .debug_abbrev  0x00000000       0x4e ./Sources/com/lpuart0.o
 .debug_aranges
                0x00000000       0x18 ./Sources/com/lpuart0.o
 .debug_macro   0x00000000       0xc6 ./Sources/com/lpuart0.o
 .debug_macro   0x00000000      0x898 ./Sources/com/lpuart0.o
 .debug_macro   0x00000000       0x16 ./Sources/com/lpuart0.o
 .debug_macro   0x00000000       0x22 ./Sources/com/lpuart0.o
 .debug_macro   0x00000000       0x4f ./Sources/com/lpuart0.o
 .debug_macro   0x00000000       0x51 ./Sources/com/lpuart0.o
 .debug_macro   0x00000000       0xef ./Sources/com/lpuart0.o
 .debug_macro   0x00000000       0x6a ./Sources/com/lpuart0.o
 .debug_macro   0x00000000      0x1df ./Sources/com/lpuart0.o
 .debug_macro   0x00000000       0x55 ./Sources/com/lpuart0.o
 .debug_macro   0x00000000       0x3b ./Sources/com/lpuart0.o
 .debug_macro   0x00000000       0x34 ./Sources/com/lpuart0.o
 .debug_macro   0x00000000       0x26 ./Sources/com/lpuart0.o
 .debug_macro   0x00000000      0xd1d ./Sources/com/lpuart0.o
 .debug_macro   0x00000000       0xd9 ./Sources/com/lpuart0.o
 .debug_macro   0x00000000     0xefee ./Sources/com/lpuart0.o
 .debug_macro   0x00000000      0x138 ./Sources/com/lpuart0.o
 .debug_macro   0x00000000       0x76 ./Sources/com/lpuart0.o
 .debug_line    0x00000000      0x29d ./Sources/com/lpuart0.o
 .debug_str     0x00000000    0x5f88b ./Sources/com/lpuart0.o
 .comment       0x00000000       0x80 ./Sources/com/lpuart0.o
 .ARM.attributes
                0x00000000       0x39 ./Sources/com/lpuart0.o
 .group         0x00000000        0x8 ./Sources/com/term.o
 .group         0x00000000        0x8 ./Sources/com/term.o
 .group         0x00000000        0x8 ./Sources/com/term.o
 .group         0x00000000        0x8 ./Sources/com/term.o
 .group         0x00000000        0x8 ./Sources/com/term.o
 .group         0x00000000        0x8 ./Sources/com/term.o
 .group         0x00000000        0x8 ./Sources/com/term.o
 .group         0x00000000        0x8 ./Sources/com/term.o
 .group         0x00000000        0x8 ./Sources/com/term.o
 .group         0x00000000        0x8 ./Sources/com/term.o
 .group         0x00000000        0x8 ./Sources/com/term.o
 .group         0x00000000        0x8 ./Sources/com/term.o
 .group         0x00000000        0x8 ./Sources/com/term.o
 .group         0x00000000        0x8 ./Sources/com/term.o
 .group         0x00000000        0x8 ./Sources/com/term.o
 .group         0x00000000        0x8 ./Sources/com/term.o
 .group         0x00000000        0x8 ./Sources/com/term.o
 .group         0x00000000        0x8 ./Sources/com/term.o
 .group         0x00000000        0x8 ./Sources/com/term.o
 .group         0x00000000        0x8 ./Sources/com/term.o
 .group         0x00000000        0x8 ./Sources/com/term.o
 .group         0x00000000        0x8 ./Sources/com/term.o
 .group         0x00000000        0x8 ./Sources/com/term.o
 .group         0x00000000        0x8 ./Sources/com/term.o
 .group         0x00000000        0x8 ./Sources/com/term.o
 .group         0x00000000        0x8 ./Sources/com/term.o
 .group         0x00000000        0x8 ./Sources/com/term.o
 .group         0x00000000        0x8 ./Sources/com/term.o
 .group         0x00000000        0x8 ./Sources/com/term.o
 .text          0x00000000        0x0 ./Sources/com/term.o
 .data          0x00000000        0x0 ./Sources/com/term.o
 .bss           0x00000000        0x0 ./Sources/com/term.o
 .bss.destination
                0x00000000        0x1 ./Sources/com/term.o
 .bss.head      0x00000000        0x4 ./Sources/com/term.o
 .rodata        0x00000000       0xc5 ./Sources/com/term.o
 .text.termRegisterCommandLineHandler
                0x00000000       0x64 ./Sources/com/term.o
 .text.termWriteChar
                0x00000000       0x4c ./Sources/com/term.o
 .text.termWrite
                0x00000000       0x34 ./Sources/com/term.o
 .text.termWriteNum32s
                0x00000000       0x28 ./Sources/com/term.o
 .text.termWriteNum16s
                0x00000000       0x2c ./Sources/com/term.o
 .text.termWriteLine
                0x00000000       0x1c ./Sources/com/term.o
 .text.termWriteSubString
                0x00000000       0x3c ./Sources/com/term.o
 .text.termParseCommand
                0x00000000      0x13c ./Sources/com/term.o
 .text.termDoWork
                0x00000000       0x5c ./Sources/com/term.o
 .text.termInit
                0x00000000       0x6c ./Sources/com/term.o
 .debug_info    0x00000000      0xe1f ./Sources/com/term.o
 .debug_abbrev  0x00000000      0x224 ./Sources/com/term.o
 .debug_aranges
                0x00000000       0x68 ./Sources/com/term.o
 .debug_ranges  0x00000000       0x58 ./Sources/com/term.o
 .debug_macro   0x00000000      0x18c ./Sources/com/term.o
 .debug_macro   0x00000000      0x898 ./Sources/com/term.o
 .debug_macro   0x00000000       0x16 ./Sources/com/term.o
 .debug_macro   0x00000000       0x22 ./Sources/com/term.o
 .debug_macro   0x00000000       0x4f ./Sources/com/term.o
 .debug_macro   0x00000000       0x51 ./Sources/com/term.o
 .debug_macro   0x00000000       0xef ./Sources/com/term.o
 .debug_macro   0x00000000       0x6a ./Sources/com/term.o
 .debug_macro   0x00000000      0x1df ./Sources/com/term.o
 .debug_macro   0x00000000       0x55 ./Sources/com/term.o
 .debug_macro   0x00000000       0x3b ./Sources/com/term.o
 .debug_macro   0x00000000       0x34 ./Sources/com/term.o
 .debug_macro   0x00000000       0x26 ./Sources/com/term.o
 .debug_macro   0x00000000      0xd1d ./Sources/com/term.o
 .debug_macro   0x00000000       0xd9 ./Sources/com/term.o
 .debug_macro   0x00000000     0xefee ./Sources/com/term.o
 .debug_macro   0x00000000      0x138 ./Sources/com/term.o
 .debug_macro   0x00000000       0x76 ./Sources/com/term.o
 .debug_macro   0x00000000       0x58 ./Sources/com/term.o
 .debug_macro   0x00000000       0x35 ./Sources/com/term.o
 .debug_macro   0x00000000       0x9c ./Sources/com/term.o
 .debug_macro   0x00000000      0x16d ./Sources/com/term.o
 .debug_macro   0x00000000       0x58 ./Sources/com/term.o
 .debug_macro   0x00000000       0x1f ./Sources/com/term.o
 .debug_macro   0x00000000       0x43 ./Sources/com/term.o
 .debug_macro   0x00000000       0x20 ./Sources/com/term.o
 .debug_macro   0x00000000      0x187 ./Sources/com/term.o
 .debug_macro   0x00000000      0x353 ./Sources/com/term.o
 .debug_macro   0x00000000       0x10 ./Sources/com/term.o
 .debug_macro   0x00000000       0x35 ./Sources/com/term.o
 .debug_line    0x00000000      0x45f ./Sources/com/term.o
 .debug_str     0x00000000    0x62ab6 ./Sources/com/term.o
 .comment       0x00000000       0x80 ./Sources/com/term.o
 .debug_frame   0x00000000      0x1a4 ./Sources/com/term.o
 .ARM.attributes
                0x00000000       0x39 ./Sources/com/term.o
 .group         0x00000000        0x8 ./Sources/com/uart0.o
 .group         0x00000000        0x8 ./Sources/com/uart0.o
 .group         0x00000000        0x8 ./Sources/com/uart0.o
 .group         0x00000000        0x8 ./Sources/com/uart0.o
 .group         0x00000000        0x8 ./Sources/com/uart0.o
 .group         0x00000000        0x8 ./Sources/com/uart0.o
 .group         0x00000000        0x8 ./Sources/com/uart0.o
 .group         0x00000000        0x8 ./Sources/com/uart0.o
 .group         0x00000000        0x8 ./Sources/com/uart0.o
 .group         0x00000000        0x8 ./Sources/com/uart0.o
 .group         0x00000000        0x8 ./Sources/com/uart0.o
 .group         0x00000000        0x8 ./Sources/com/uart0.o
 .group         0x00000000        0x8 ./Sources/com/uart0.o
 .group         0x00000000        0x8 ./Sources/com/uart0.o
 .group         0x00000000        0x8 ./Sources/com/uart0.o
 .group         0x00000000        0x8 ./Sources/com/uart0.o
 .group         0x00000000        0x8 ./Sources/com/uart0.o
 .text          0x00000000        0x0 ./Sources/com/uart0.o
 .data          0x00000000        0x0 ./Sources/com/uart0.o
 .bss           0x00000000        0x0 ./Sources/com/uart0.o
 .debug_info    0x00000000       0xbf ./Sources/com/uart0.o
 .debug_abbrev  0x00000000       0x4e ./Sources/com/uart0.o
 .debug_aranges
                0x00000000       0x18 ./Sources/com/uart0.o
 .debug_macro   0x00000000       0xc6 ./Sources/com/uart0.o
 .debug_macro   0x00000000      0x898 ./Sources/com/uart0.o
 .debug_macro   0x00000000       0x16 ./Sources/com/uart0.o
 .debug_macro   0x00000000       0x22 ./Sources/com/uart0.o
 .debug_macro   0x00000000       0x4f ./Sources/com/uart0.o
 .debug_macro   0x00000000       0x51 ./Sources/com/uart0.o
 .debug_macro   0x00000000       0xef ./Sources/com/uart0.o
 .debug_macro   0x00000000       0x6a ./Sources/com/uart0.o
 .debug_macro   0x00000000      0x1df ./Sources/com/uart0.o
 .debug_macro   0x00000000       0x55 ./Sources/com/uart0.o
 .debug_macro   0x00000000       0x3b ./Sources/com/uart0.o
 .debug_macro   0x00000000       0x34 ./Sources/com/uart0.o
 .debug_macro   0x00000000       0x26 ./Sources/com/uart0.o
 .debug_macro   0x00000000      0xd1d ./Sources/com/uart0.o
 .debug_macro   0x00000000       0xd9 ./Sources/com/uart0.o
 .debug_macro   0x00000000     0xefee ./Sources/com/uart0.o
 .debug_macro   0x00000000      0x138 ./Sources/com/uart0.o
 .debug_macro   0x00000000       0x76 ./Sources/com/uart0.o
 .debug_line    0x00000000      0x29b ./Sources/com/uart0.o
 .debug_str     0x00000000    0x5f889 ./Sources/com/uart0.o
 .comment       0x00000000       0x80 ./Sources/com/uart0.o
 .ARM.attributes
                0x00000000       0x39 ./Sources/com/uart0.o
 .group         0x00000000        0x8 ./Sources/com/uart1.o
 .group         0x00000000        0x8 ./Sources/com/uart1.o
 .group         0x00000000        0x8 ./Sources/com/uart1.o
 .group         0x00000000        0x8 ./Sources/com/uart1.o
 .group         0x00000000        0x8 ./Sources/com/uart1.o
 .group         0x00000000        0x8 ./Sources/com/uart1.o
 .group         0x00000000        0x8 ./Sources/com/uart1.o
 .group         0x00000000        0x8 ./Sources/com/uart1.o
 .group         0x00000000        0x8 ./Sources/com/uart1.o
 .group         0x00000000        0x8 ./Sources/com/uart1.o
 .group         0x00000000        0x8 ./Sources/com/uart1.o
 .group         0x00000000        0x8 ./Sources/com/uart1.o
 .group         0x00000000        0x8 ./Sources/com/uart1.o
 .group         0x00000000        0x8 ./Sources/com/uart1.o
 .group         0x00000000        0x8 ./Sources/com/uart1.o
 .group         0x00000000        0x8 ./Sources/com/uart1.o
 .group         0x00000000        0x8 ./Sources/com/uart1.o
 .text          0x00000000        0x0 ./Sources/com/uart1.o
 .data          0x00000000        0x0 ./Sources/com/uart1.o
 .bss           0x00000000        0x0 ./Sources/com/uart1.o
 .text.NVIC_EnableIRQ
                0x00000000       0x34 ./Sources/com/uart1.o
 .text.NVIC_DisableIRQ
                0x00000000       0x34 ./Sources/com/uart1.o
 .text.NVIC_SetPriority
                0x00000000       0x54 ./Sources/com/uart1.o
 .text.NVIC_DisableIRQEx
                0x00000000       0x24 ./Sources/com/uart1.o
 .bss.rxBufReadPos
                0x00000000        0x2 ./Sources/com/uart1.o
 .bss.txBufWritePos
                0x00000000        0x2 ./Sources/com/uart1.o
 .text.uart1WriteChar
                0x00000000       0x80 ./Sources/com/uart1.o
 .text.uart1Write
                0x00000000       0x34 ./Sources/com/uart1.o
 .text.uart1WriteLine
                0x00000000       0x1c ./Sources/com/uart1.o
 .text.uart1ReadChar
                0x00000000       0x68 ./Sources/com/uart1.o
 .text.uart1ReadLine
                0x00000000       0x4e ./Sources/com/uart1.o
 .text.uart1HasLineReceived
                0x00000000       0x60 ./Sources/com/uart1.o
 .text.uart1RxBufCount
                0x00000000       0x18 ./Sources/com/uart1.o
 .text.uart1Init
                0x00000000       0xdc ./Sources/com/uart1.o
 .debug_macro   0x00000000      0x898 ./Sources/com/uart1.o
 .debug_macro   0x00000000       0x16 ./Sources/com/uart1.o
 .debug_macro   0x00000000       0x22 ./Sources/com/uart1.o
 .debug_macro   0x00000000       0x4f ./Sources/com/uart1.o
 .debug_macro   0x00000000       0x51 ./Sources/com/uart1.o
 .debug_macro   0x00000000       0xef ./Sources/com/uart1.o
 .debug_macro   0x00000000       0x6a ./Sources/com/uart1.o
 .debug_macro   0x00000000      0x1df ./Sources/com/uart1.o
 .debug_macro   0x00000000       0x55 ./Sources/com/uart1.o
 .debug_macro   0x00000000       0x3b ./Sources/com/uart1.o
 .debug_macro   0x00000000       0x34 ./Sources/com/uart1.o
 .debug_macro   0x00000000       0x26 ./Sources/com/uart1.o
 .debug_macro   0x00000000      0xd1d ./Sources/com/uart1.o
 .debug_macro   0x00000000       0xd9 ./Sources/com/uart1.o
 .debug_macro   0x00000000     0xefee ./Sources/com/uart1.o
 .debug_macro   0x00000000      0x138 ./Sources/com/uart1.o
 .debug_macro   0x00000000       0x76 ./Sources/com/uart1.o
 .group         0x00000000        0x8 ./Sources/main.o
 .group         0x00000000        0x8 ./Sources/main.o
 .group         0x00000000        0x8 ./Sources/main.o
 .group         0x00000000        0x8 ./Sources/main.o
 .group         0x00000000        0x8 ./Sources/main.o
 .group         0x00000000        0x8 ./Sources/main.o
 .group         0x00000000        0x8 ./Sources/main.o
 .group         0x00000000        0x8 ./Sources/main.o
 .group         0x00000000        0x8 ./Sources/main.o
 .group         0x00000000        0x8 ./Sources/main.o
 .group         0x00000000        0x8 ./Sources/main.o
 .group         0x00000000        0x8 ./Sources/main.o
 .group         0x00000000        0x8 ./Sources/main.o
 .group         0x00000000        0x8 ./Sources/main.o
 .group         0x00000000        0x8 ./Sources/main.o
 .group         0x00000000        0x8 ./Sources/main.o
 .group         0x00000000        0x8 ./Sources/main.o
 .group         0x00000000        0x8 ./Sources/main.o
 .group         0x00000000        0x8 ./Sources/main.o
 .group         0x00000000        0x8 ./Sources/main.o
 .group         0x00000000        0x8 ./Sources/main.o
 .text          0x00000000        0x0 ./Sources/main.o
 .data          0x00000000        0x0 ./Sources/main.o
 .bss           0x00000000        0x0 ./Sources/main.o
 .debug_macro   0x00000000      0x898 ./Sources/main.o
 .debug_macro   0x00000000       0x16 ./Sources/main.o
 .debug_macro   0x00000000       0x22 ./Sources/main.o
 .debug_macro   0x00000000       0x4f ./Sources/main.o
 .debug_macro   0x00000000       0x51 ./Sources/main.o
 .debug_macro   0x00000000       0xef ./Sources/main.o
 .debug_macro   0x00000000       0x6a ./Sources/main.o
 .debug_macro   0x00000000      0x1df ./Sources/main.o
 .debug_macro   0x00000000       0x55 ./Sources/main.o
 .debug_macro   0x00000000       0x3b ./Sources/main.o
 .debug_macro   0x00000000       0x34 ./Sources/main.o
 .debug_macro   0x00000000       0x26 ./Sources/main.o
 .debug_macro   0x00000000      0xd1d ./Sources/main.o
 .debug_macro   0x00000000       0xd9 ./Sources/main.o
 .debug_macro   0x00000000     0xefee ./Sources/main.o
 .debug_macro   0x00000000      0x138 ./Sources/main.o
 .debug_macro   0x00000000       0x1c ./Sources/main.o
 .debug_macro   0x00000000       0x1c ./Sources/main.o
 .debug_macro   0x00000000       0x10 ./Sources/main.o
 .debug_macro   0x00000000       0x22 ./Sources/main.o
 .data          0x00000000        0x0 ./Project_Settings/Startup_Code/startup_MK22F51212.o
 .bss           0x00000000        0x0 ./Project_Settings/Startup_Code/startup_MK22F51212.o
 .group         0x00000000        0x8 ./Project_Settings/Startup_Code/system_MK22F51212.o
 .group         0x00000000        0x8 ./Project_Settings/Startup_Code/system_MK22F51212.o
 .group         0x00000000        0x8 ./Project_Settings/Startup_Code/system_MK22F51212.o
 .group         0x00000000        0x8 ./Project_Settings/Startup_Code/system_MK22F51212.o
 .group         0x00000000        0x8 ./Project_Settings/Startup_Code/system_MK22F51212.o
 .group         0x00000000        0x8 ./Project_Settings/Startup_Code/system_MK22F51212.o
 .group         0x00000000        0x8 ./Project_Settings/Startup_Code/system_MK22F51212.o
 .group         0x00000000        0x8 ./Project_Settings/Startup_Code/system_MK22F51212.o
 .group         0x00000000        0x8 ./Project_Settings/Startup_Code/system_MK22F51212.o
 .group         0x00000000        0x8 ./Project_Settings/Startup_Code/system_MK22F51212.o
 .group         0x00000000        0x8 ./Project_Settings/Startup_Code/system_MK22F51212.o
 .group         0x00000000        0x8 ./Project_Settings/Startup_Code/system_MK22F51212.o
 .group         0x00000000        0x8 ./Project_Settings/Startup_Code/system_MK22F51212.o
 .group         0x00000000        0x8 ./Project_Settings/Startup_Code/system_MK22F51212.o
 .text          0x00000000        0x0 ./Project_Settings/Startup_Code/system_MK22F51212.o
 .data          0x00000000        0x0 ./Project_Settings/Startup_Code/system_MK22F51212.o
 .bss           0x00000000        0x0 ./Project_Settings/Startup_Code/system_MK22F51212.o
 .data.SystemCoreClock
                0x00000000        0x4 ./Project_Settings/Startup_Code/system_MK22F51212.o
 .text.SystemCoreClockUpdate
                0x00000000      0x278 ./Project_Settings/Startup_Code/system_MK22F51212.o
 .debug_macro   0x00000000      0x898 ./Project_Settings/Startup_Code/system_MK22F51212.o
 .debug_macro   0x00000000       0x22 ./Project_Settings/Startup_Code/system_MK22F51212.o
 .debug_macro   0x00000000       0x4f ./Project_Settings/Startup_Code/system_MK22F51212.o
 .debug_macro   0x00000000       0x51 ./Project_Settings/Startup_Code/system_MK22F51212.o
 .debug_macro   0x00000000       0xef ./Project_Settings/Startup_Code/system_MK22F51212.o
 .debug_macro   0x00000000       0x6a ./Project_Settings/Startup_Code/system_MK22F51212.o
 .debug_macro   0x00000000      0x1df ./Project_Settings/Startup_Code/system_MK22F51212.o
 .debug_macro   0x00000000       0x3b ./Project_Settings/Startup_Code/system_MK22F51212.o
 .debug_macro   0x00000000       0x34 ./Project_Settings/Startup_Code/system_MK22F51212.o
 .debug_macro   0x00000000       0x26 ./Project_Settings/Startup_Code/system_MK22F51212.o
 .debug_macro   0x00000000      0xd1d ./Project_Settings/Startup_Code/system_MK22F51212.o
 .debug_macro   0x00000000       0xd9 ./Project_Settings/Startup_Code/system_MK22F51212.o
 .debug_macro   0x00000000     0xefee ./Project_Settings/Startup_Code/system_MK22F51212.o
 .text          0x00000000      0x370 c:/program files (x86)/gnu tools arm embedded/6 2017-q2-update/bin/../lib/gcc/arm-none-eabi/6.3.1/thumb/v7e-m/fpv4-sp/hard\libgcc.a(_arm_addsubdf3.o)
 .data          0x00000000        0x0 c:/program files (x86)/gnu tools arm embedded/6 2017-q2-update/bin/../lib/gcc/arm-none-eabi/6.3.1/thumb/v7e-m/fpv4-sp/hard\libgcc.a(_arm_addsubdf3.o)
 .bss           0x00000000        0x0 c:/program files (x86)/gnu tools arm embedded/6 2017-q2-update/bin/../lib/gcc/arm-none-eabi/6.3.1/thumb/v7e-m/fpv4-sp/hard\libgcc.a(_arm_addsubdf3.o)
 .debug_frame   0x00000000       0xac c:/program files (x86)/gnu tools arm embedded/6 2017-q2-update/bin/../lib/gcc/arm-none-eabi/6.3.1/thumb/v7e-m/fpv4-sp/hard\libgcc.a(_arm_addsubdf3.o)
 .ARM.attributes
                0x00000000       0x22 c:/program files (x86)/gnu tools arm embedded/6 2017-q2-update/bin/../lib/gcc/arm-none-eabi/6.3.1/thumb/v7e-m/fpv4-sp/hard\libgcc.a(_arm_addsubdf3.o)
 .text          0x00000000      0x424 c:/program files (x86)/gnu tools arm embedded/6 2017-q2-update/bin/../lib/gcc/arm-none-eabi/6.3.1/thumb/v7e-m/fpv4-sp/hard\libgcc.a(_arm_muldivdf3.o)
 .data          0x00000000        0x0 c:/program files (x86)/gnu tools arm embedded/6 2017-q2-update/bin/../lib/gcc/arm-none-eabi/6.3.1/thumb/v7e-m/fpv4-sp/hard\libgcc.a(_arm_muldivdf3.o)
 .bss           0x00000000        0x0 c:/program files (x86)/gnu tools arm embedded/6 2017-q2-update/bin/../lib/gcc/arm-none-eabi/6.3.1/thumb/v7e-m/fpv4-sp/hard\libgcc.a(_arm_muldivdf3.o)
 .debug_frame   0x00000000       0x50 c:/program files (x86)/gnu tools arm embedded/6 2017-q2-update/bin/../lib/gcc/arm-none-eabi/6.3.1/thumb/v7e-m/fpv4-sp/hard\libgcc.a(_arm_muldivdf3.o)
 .ARM.attributes
                0x00000000       0x22 c:/program files (x86)/gnu tools arm embedded/6 2017-q2-update/bin/../lib/gcc/arm-none-eabi/6.3.1/thumb/v7e-m/fpv4-sp/hard\libgcc.a(_arm_muldivdf3.o)
 .text          0x00000000       0x50 c:/program files (x86)/gnu tools arm embedded/6 2017-q2-update/bin/../lib/gcc/arm-none-eabi/6.3.1/thumb/v7e-m/fpv4-sp/hard\libgcc.a(_arm_fixdfsi.o)
 .data          0x00000000        0x0 c:/program files (x86)/gnu tools arm embedded/6 2017-q2-update/bin/../lib/gcc/arm-none-eabi/6.3.1/thumb/v7e-m/fpv4-sp/hard\libgcc.a(_arm_fixdfsi.o)
 .bss           0x00000000        0x0 c:/program files (x86)/gnu tools arm embedded/6 2017-q2-update/bin/../lib/gcc/arm-none-eabi/6.3.1/thumb/v7e-m/fpv4-sp/hard\libgcc.a(_arm_fixdfsi.o)
 .debug_frame   0x00000000       0x24 c:/program files (x86)/gnu tools arm embedded/6 2017-q2-update/bin/../lib/gcc/arm-none-eabi/6.3.1/thumb/v7e-m/fpv4-sp/hard\libgcc.a(_arm_fixdfsi.o)
 .ARM.attributes
                0x00000000       0x22 c:/program files (x86)/gnu tools arm embedded/6 2017-q2-update/bin/../lib/gcc/arm-none-eabi/6.3.1/thumb/v7e-m/fpv4-sp/hard\libgcc.a(_arm_fixdfsi.o)
 .text          0x00000000        0x0 c:/program files (x86)/gnu tools arm embedded/6 2017-q2-update/bin/../lib/gcc/arm-none-eabi/6.3.1/../../../../arm-none-eabi/lib/thumb/v7e-m/fpv4-sp/hard\libg_nano.a(lib_a-exit.o)
 .data          0x00000000        0x0 c:/program files (x86)/gnu tools arm embedded/6 2017-q2-update/bin/../lib/gcc/arm-none-eabi/6.3.1/../../../../arm-none-eabi/lib/thumb/v7e-m/fpv4-sp/hard\libg_nano.a(lib_a-exit.o)
 .bss           0x00000000        0x0 c:/program files (x86)/gnu tools arm embedded/6 2017-q2-update/bin/../lib/gcc/arm-none-eabi/6.3.1/../../../../arm-none-eabi/lib/thumb/v7e-m/fpv4-sp/hard\libg_nano.a(lib_a-exit.o)
 .text          0x00000000        0x0 c:/program files (x86)/gnu tools arm embedded/6 2017-q2-update/bin/../lib/gcc/arm-none-eabi/6.3.1/../../../../arm-none-eabi/lib/thumb/v7e-m/fpv4-sp/hard\libg_nano.a(lib_a-impure.o)
 .data          0x00000000        0x0 c:/program files (x86)/gnu tools arm embedded/6 2017-q2-update/bin/../lib/gcc/arm-none-eabi/6.3.1/../../../../arm-none-eabi/lib/thumb/v7e-m/fpv4-sp/hard\libg_nano.a(lib_a-impure.o)
 .bss           0x00000000        0x0 c:/program files (x86)/gnu tools arm embedded/6 2017-q2-update/bin/../lib/gcc/arm-none-eabi/6.3.1/../../../../arm-none-eabi/lib/thumb/v7e-m/fpv4-sp/hard\libg_nano.a(lib_a-impure.o)
 .data._impure_ptr
                0x00000000        0x4 c:/program files (x86)/gnu tools arm embedded/6 2017-q2-update/bin/../lib/gcc/arm-none-eabi/6.3.1/../../../../arm-none-eabi/lib/thumb/v7e-m/fpv4-sp/hard\libg_nano.a(lib_a-impure.o)
 .text          0x00000000        0x0 c:/program files (x86)/gnu tools arm embedded/6 2017-q2-update/bin/../lib/gcc/arm-none-eabi/6.3.1/../../../../arm-none-eabi/lib/thumb/v7e-m/fpv4-sp/hard\libg_nano.a(lib_a-init.o)
 .data          0x00000000        0x0 c:/program files (x86)/gnu tools arm embedded/6 2017-q2-update/bin/../lib/gcc/arm-none-eabi/6.3.1/../../../../arm-none-eabi/lib/thumb/v7e-m/fpv4-sp/hard\libg_nano.a(lib_a-init.o)
 .bss           0x00000000        0x0 c:/program files (x86)/gnu tools arm embedded/6 2017-q2-update/bin/../lib/gcc/arm-none-eabi/6.3.1/../../../../arm-none-eabi/lib/thumb/v7e-m/fpv4-sp/hard\libg_nano.a(lib_a-init.o)
 .text          0x00000000        0x0 c:/program files (x86)/gnu tools arm embedded/6 2017-q2-update/bin/../lib/gcc/arm-none-eabi/6.3.1/../../../../arm-none-eabi/lib/thumb/v7e-m/fpv4-sp/hard\libg_nano.a(lib_a-memset.o)
 .data          0x00000000        0x0 c:/program files (x86)/gnu tools arm embedded/6 2017-q2-update/bin/../lib/gcc/arm-none-eabi/6.3.1/../../../../arm-none-eabi/lib/thumb/v7e-m/fpv4-sp/hard\libg_nano.a(lib_a-memset.o)
 .bss           0x00000000        0x0 c:/program files (x86)/gnu tools arm embedded/6 2017-q2-update/bin/../lib/gcc/arm-none-eabi/6.3.1/../../../../arm-none-eabi/lib/thumb/v7e-m/fpv4-sp/hard\libg_nano.a(lib_a-memset.o)
 .text          0x00000000       0x14 c:/program files (x86)/gnu tools arm embedded/6 2017-q2-update/bin/../lib/gcc/arm-none-eabi/6.3.1/../../../../arm-none-eabi/lib/thumb/v7e-m/fpv4-sp/hard\libg_nano.a(lib_a-strcmp.o)
 .data          0x00000000        0x0 c:/program files (x86)/gnu tools arm embedded/6 2017-q2-update/bin/../lib/gcc/arm-none-eabi/6.3.1/../../../../arm-none-eabi/lib/thumb/v7e-m/fpv4-sp/hard\libg_nano.a(lib_a-strcmp.o)
 .bss           0x00000000        0x0 c:/program files (x86)/gnu tools arm embedded/6 2017-q2-update/bin/../lib/gcc/arm-none-eabi/6.3.1/../../../../arm-none-eabi/lib/thumb/v7e-m/fpv4-sp/hard\libg_nano.a(lib_a-strcmp.o)
 .debug_frame   0x00000000       0x20 c:/program files (x86)/gnu tools arm embedded/6 2017-q2-update/bin/../lib/gcc/arm-none-eabi/6.3.1/../../../../arm-none-eabi/lib/thumb/v7e-m/fpv4-sp/hard\libg_nano.a(lib_a-strcmp.o)
 .ARM.attributes
                0x00000000       0x20 c:/program files (x86)/gnu tools arm embedded/6 2017-q2-update/bin/../lib/gcc/arm-none-eabi/6.3.1/../../../../arm-none-eabi/lib/thumb/v7e-m/fpv4-sp/hard\libg_nano.a(lib_a-strcmp.o)
 .text          0x00000000       0x10 c:/program files (x86)/gnu tools arm embedded/6 2017-q2-update/bin/../lib/gcc/arm-none-eabi/6.3.1/../../../../arm-none-eabi/lib/thumb/v7e-m/fpv4-sp/hard\libg_nano.a(lib_a-strlen.o)
 .data          0x00000000        0x0 c:/program files (x86)/gnu tools arm embedded/6 2017-q2-update/bin/../lib/gcc/arm-none-eabi/6.3.1/../../../../arm-none-eabi/lib/thumb/v7e-m/fpv4-sp/hard\libg_nano.a(lib_a-strlen.o)
 .bss           0x00000000        0x0 c:/program files (x86)/gnu tools arm embedded/6 2017-q2-update/bin/../lib/gcc/arm-none-eabi/6.3.1/../../../../arm-none-eabi/lib/thumb/v7e-m/fpv4-sp/hard\libg_nano.a(lib_a-strlen.o)
 .ARM.attributes
                0x00000000       0x1b c:/program files (x86)/gnu tools arm embedded/6 2017-q2-update/bin/../lib/gcc/arm-none-eabi/6.3.1/../../../../arm-none-eabi/lib/thumb/v7e-m/fpv4-sp/hard\libg_nano.a(lib_a-strlen.o)
 .text          0x00000000        0x0 c:/program files (x86)/gnu tools arm embedded/6 2017-q2-update/bin/../lib/gcc/arm-none-eabi/6.3.1/../../../../arm-none-eabi/lib/thumb/v7e-m/fpv4-sp/hard\libg_nano.a(lib_a-strncmp.o)
 .data          0x00000000        0x0 c:/program files (x86)/gnu tools arm embedded/6 2017-q2-update/bin/../lib/gcc/arm-none-eabi/6.3.1/../../../../arm-none-eabi/lib/thumb/v7e-m/fpv4-sp/hard\libg_nano.a(lib_a-strncmp.o)
 .bss           0x00000000        0x0 c:/program files (x86)/gnu tools arm embedded/6 2017-q2-update/bin/../lib/gcc/arm-none-eabi/6.3.1/../../../../arm-none-eabi/lib/thumb/v7e-m/fpv4-sp/hard\libg_nano.a(lib_a-strncmp.o)
 .text.strncmp  0x00000000       0x24 c:/program files (x86)/gnu tools arm embedded/6 2017-q2-update/bin/../lib/gcc/arm-none-eabi/6.3.1/../../../../arm-none-eabi/lib/thumb/v7e-m/fpv4-sp/hard\libg_nano.a(lib_a-strncmp.o)
 .debug_frame   0x00000000       0x28 c:/program files (x86)/gnu tools arm embedded/6 2017-q2-update/bin/../lib/gcc/arm-none-eabi/6.3.1/../../../../arm-none-eabi/lib/thumb/v7e-m/fpv4-sp/hard\libg_nano.a(lib_a-strncmp.o)
 .ARM.attributes
                0x00000000       0x34 c:/program files (x86)/gnu tools arm embedded/6 2017-q2-update/bin/../lib/gcc/arm-none-eabi/6.3.1/../../../../arm-none-eabi/lib/thumb/v7e-m/fpv4-sp/hard\libg_nano.a(lib_a-strncmp.o)
 .text          0x00000000        0x0 c:/program files (x86)/gnu tools arm embedded/6 2017-q2-update/bin/../lib/gcc/arm-none-eabi/6.3.1/../../../../arm-none-eabi/lib/thumb/v7e-m/fpv4-sp/hard\libg_nano.a(lib_a-strncpy.o)
 .data          0x00000000        0x0 c:/program files (x86)/gnu tools arm embedded/6 2017-q2-update/bin/../lib/gcc/arm-none-eabi/6.3.1/../../../../arm-none-eabi/lib/thumb/v7e-m/fpv4-sp/hard\libg_nano.a(lib_a-strncpy.o)
 .bss           0x00000000        0x0 c:/program files (x86)/gnu tools arm embedded/6 2017-q2-update/bin/../lib/gcc/arm-none-eabi/6.3.1/../../../../arm-none-eabi/lib/thumb/v7e-m/fpv4-sp/hard\libg_nano.a(lib_a-strncpy.o)
 .text.strncpy  0x00000000       0x2a c:/program files (x86)/gnu tools arm embedded/6 2017-q2-update/bin/../lib/gcc/arm-none-eabi/6.3.1/../../../../arm-none-eabi/lib/thumb/v7e-m/fpv4-sp/hard\libg_nano.a(lib_a-strncpy.o)
 .debug_frame   0x00000000       0x2c c:/program files (x86)/gnu tools arm embedded/6 2017-q2-update/bin/../lib/gcc/arm-none-eabi/6.3.1/../../../../arm-none-eabi/lib/thumb/v7e-m/fpv4-sp/hard\libg_nano.a(lib_a-strncpy.o)
 .ARM.attributes
                0x00000000       0x34 c:/program files (x86)/gnu tools arm embedded/6 2017-q2-update/bin/../lib/gcc/arm-none-eabi/6.3.1/../../../../arm-none-eabi/lib/thumb/v7e-m/fpv4-sp/hard\libg_nano.a(lib_a-strncpy.o)
 .text          0x00000000        0x0 c:/program files (x86)/gnu tools arm embedded/6 2017-q2-update/bin/../lib/gcc/arm-none-eabi/6.3.1/../../../../arm-none-eabi/lib/thumb/v7e-m/fpv4-sp/hard\libnosys.a(_exit.o)
 .data          0x00000000        0x0 c:/program files (x86)/gnu tools arm embedded/6 2017-q2-update/bin/../lib/gcc/arm-none-eabi/6.3.1/../../../../arm-none-eabi/lib/thumb/v7e-m/fpv4-sp/hard\libnosys.a(_exit.o)
 .bss           0x00000000        0x0 c:/program files (x86)/gnu tools arm embedded/6 2017-q2-update/bin/../lib/gcc/arm-none-eabi/6.3.1/../../../../arm-none-eabi/lib/thumb/v7e-m/fpv4-sp/hard\libnosys.a(_exit.o)
 .text          0x00000000        0x0 c:/program files (x86)/gnu tools arm embedded/6 2017-q2-update/bin/../lib/gcc/arm-none-eabi/6.3.1/thumb/v7e-m/fpv4-sp/hard/crtend.o
 .data          0x00000000        0x0 c:/program files (x86)/gnu tools arm embedded/6 2017-q2-update/bin/../lib/gcc/arm-none-eabi/6.3.1/thumb/v7e-m/fpv4-sp/hard/crtend.o
 .bss           0x00000000        0x0 c:/program files (x86)/gnu tools arm embedded/6 2017-q2-update/bin/../lib/gcc/arm-none-eabi/6.3.1/thumb/v7e-m/fpv4-sp/hard/crtend.o
 .eh_frame      0x00000000        0x4 c:/program files (x86)/gnu tools arm embedded/6 2017-q2-update/bin/../lib/gcc/arm-none-eabi/6.3.1/thumb/v7e-m/fpv4-sp/hard/crtend.o
 .text          0x00000000        0x0 c:/program files (x86)/gnu tools arm embedded/6 2017-q2-update/bin/../lib/gcc/arm-none-eabi/6.3.1/thumb/v7e-m/fpv4-sp/hard/crtn.o
 .data          0x00000000        0x0 c:/program files (x86)/gnu tools arm embedded/6 2017-q2-update/bin/../lib/gcc/arm-none-eabi/6.3.1/thumb/v7e-m/fpv4-sp/hard/crtn.o
 .bss           0x00000000        0x0 c:/program files (x86)/gnu tools arm embedded/6 2017-q2-update/bin/../lib/gcc/arm-none-eabi/6.3.1/thumb/v7e-m/fpv4-sp/hard/crtn.o

Memory Configuration

Name             Origin             Length             Attributes
m_interrupts     0x00000000         0x00000400         xr
m_flash_config   0x00000400         0x00000010         xr
m_text           0x00000410         0x0007fbf0         xr
m_data           0x1fff0000         0x00010000         rw
m_data_2         0x20000000         0x00010000         rw
*default*        0x00000000         0xffffffff

Linker script and memory map

LOAD c:/program files (x86)/gnu tools arm embedded/6 2017-q2-update/bin/../lib/gcc/arm-none-eabi/6.3.1/thumb/v7e-m/fpv4-sp/hard/crti.o
LOAD c:/program files (x86)/gnu tools arm embedded/6 2017-q2-update/bin/../lib/gcc/arm-none-eabi/6.3.1/thumb/v7e-m/fpv4-sp/hard/crtbegin.o
LOAD c:/program files (x86)/gnu tools arm embedded/6 2017-q2-update/bin/../lib/gcc/arm-none-eabi/6.3.1/../../../../arm-none-eabi/lib/thumb/v7e-m/fpv4-sp/hard/crt0.o
LOAD ./Sources/utils/ftm0.o
LOAD ./Sources/utils/ftm3.o
LOAD ./Sources/utils/led.o
LOAD ./Sources/utils/util.o
LOAD ./Sources/drive/drive.o
LOAD ./Sources/drive/motor.o
LOAD ./Sources/drive/quad.o
LOAD ./Sources/com/lpuart0.o
LOAD ./Sources/com/term.o
LOAD ./Sources/com/uart0.o
LOAD ./Sources/com/uart1.o
LOAD ./Sources/main.o
LOAD ./Project_Settings/Startup_Code/startup_MK22F51212.o
LOAD ./Project_Settings/Startup_Code/system_MK22F51212.o
LOAD c:/program files (x86)/gnu tools arm embedded/6 2017-q2-update/bin/../lib/gcc/arm-none-eabi/6.3.1/../../../../arm-none-eabi/lib/thumb/v7e-m/fpv4-sp/hard\libstdc++_nano.a
LOAD c:/program files (x86)/gnu tools arm embedded/6 2017-q2-update/bin/../lib/gcc/arm-none-eabi/6.3.1/../../../../arm-none-eabi/lib/thumb/v7e-m/fpv4-sp/hard\libm.a
START GROUP
LOAD c:/program files (x86)/gnu tools arm embedded/6 2017-q2-update/bin/../lib/gcc/arm-none-eabi/6.3.1/thumb/v7e-m/fpv4-sp/hard\libgcc.a
LOAD c:/program files (x86)/gnu tools arm embedded/6 2017-q2-update/bin/../lib/gcc/arm-none-eabi/6.3.1/../../../../arm-none-eabi/lib/thumb/v7e-m/fpv4-sp/hard\libg_nano.a
LOAD c:/program files (x86)/gnu tools arm embedded/6 2017-q2-update/bin/../lib/gcc/arm-none-eabi/6.3.1/../../../../arm-none-eabi/lib/thumb/v7e-m/fpv4-sp/hard\libc_nano.a
END GROUP
START GROUP
LOAD c:/program files (x86)/gnu tools arm embedded/6 2017-q2-update/bin/../lib/gcc/arm-none-eabi/6.3.1/thumb/v7e-m/fpv4-sp/hard\libgcc.a
LOAD c:/program files (x86)/gnu tools arm embedded/6 2017-q2-update/bin/../lib/gcc/arm-none-eabi/6.3.1/../../../../arm-none-eabi/lib/thumb/v7e-m/fpv4-sp/hard\libc_nano.a
LOAD c:/program files (x86)/gnu tools arm embedded/6 2017-q2-update/bin/../lib/gcc/arm-none-eabi/6.3.1/../../../../arm-none-eabi/lib/thumb/v7e-m/fpv4-sp/hard\libnosys.a
END GROUP
START GROUP
LOAD c:/program files (x86)/gnu tools arm embedded/6 2017-q2-update/bin/../lib/gcc/arm-none-eabi/6.3.1/thumb/v7e-m/fpv4-sp/hard\libgcc.a
LOAD c:/program files (x86)/gnu tools arm embedded/6 2017-q2-update/bin/../lib/gcc/arm-none-eabi/6.3.1/../../../../arm-none-eabi/lib/thumb/v7e-m/fpv4-sp/hard\libc_nano.a
LOAD c:/program files (x86)/gnu tools arm embedded/6 2017-q2-update/bin/../lib/gcc/arm-none-eabi/6.3.1/../../../../arm-none-eabi/lib/thumb/v7e-m/fpv4-sp/hard\libnosys.a
END GROUP
LOAD c:/program files (x86)/gnu tools arm embedded/6 2017-q2-update/bin/../lib/gcc/arm-none-eabi/6.3.1/thumb/v7e-m/fpv4-sp/hard/crtend.o
LOAD c:/program files (x86)/gnu tools arm embedded/6 2017-q2-update/bin/../lib/gcc/arm-none-eabi/6.3.1/thumb/v7e-m/fpv4-sp/hard/crtn.o
                0x00000400                HEAP_SIZE = DEFINED (__heap_size__)?__heap_size__:0x400
                0x00000400                STACK_SIZE = DEFINED (__stack_size__)?__stack_size__:0x400

.interrupts     0x00000000      0x400
                0x00000000                __VECTOR_TABLE = .
                0x00000000                . = ALIGN (0x4)
 *(.isr_vector)
 .isr_vector    0x00000000      0x400 ./Project_Settings/Startup_Code/startup_MK22F51212.o
                0x00000000                __isr_vector
                0x00000400                . = ALIGN (0x4)

.flash_config   0x00000400       0x10
                0x00000400                . = ALIGN (0x4)
 *(.FlashConfig)
 .FlashConfig   0x00000400       0x10 ./Project_Settings/Startup_Code/startup_MK22F51212.o
                0x00000410                . = ALIGN (0x4)

.text           0x00000410      0xe98
                0x00000410                . = ALIGN (0x4)
 *(.text)
 .text          0x00000410       0x6c c:/program files (x86)/gnu tools arm embedded/6 2017-q2-update/bin/../lib/gcc/arm-none-eabi/6.3.1/thumb/v7e-m/fpv4-sp/hard/crtbegin.o
 .text          0x0000047c       0x74 c:/program files (x86)/gnu tools arm embedded/6 2017-q2-update/bin/../lib/gcc/arm-none-eabi/6.3.1/../../../../arm-none-eabi/lib/thumb/v7e-m/fpv4-sp/hard/crt0.o
                0x0000047c                _start
                0x0000047c                _mainCRTStartup
 .text          0x000004f0      0x288 ./Project_Settings/Startup_Code/startup_MK22F51212.o
                0x000004f0                Reset_Handler
                0x00000538                NMI_Handler
                0x00000544                MemManage_Handler
                0x0000054a                BusFault_Handler
                0x00000550                UsageFault_Handler
                0x00000556                SVC_Handler
                0x0000055c                DebugMon_Handler
                0x00000562                PendSV_Handler
                0x00000568                SysTick_Handler
                0x0000056e                DMA0_IRQHandler
                0x00000574                DMA1_IRQHandler
                0x0000057a                DMA2_IRQHandler
                0x00000580                DMA3_IRQHandler
                0x00000586                DMA4_IRQHandler
                0x0000058c                DMA5_IRQHandler
                0x00000592                DMA6_IRQHandler
                0x00000598                DMA7_IRQHandler
                0x0000059e                DMA8_IRQHandler
                0x000005a4                DMA9_IRQHandler
                0x000005aa                DMA10_IRQHandler
                0x000005b0                DMA11_IRQHandler
                0x000005b6                DMA12_IRQHandler
                0x000005bc                DMA13_IRQHandler
                0x000005c2                DMA14_IRQHandler
                0x000005c8                DMA15_IRQHandler
                0x000005ce                DMA_Error_IRQHandler
                0x000005d4                MCM_IRQHandler
                0x000005da                FTF_IRQHandler
                0x000005e0                Read_Collision_IRQHandler
                0x000005e6                LVD_LVW_IRQHandler
                0x000005ec                LLWU_IRQHandler
                0x000005f2                WDOG_EWM_IRQHandler
                0x000005f8                RNG_IRQHandler
                0x000005fe                I2C0_IRQHandler
                0x00000604                I2C1_IRQHandler
                0x0000060a                SPI0_IRQHandler
                0x00000610                SPI1_IRQHandler
                0x00000616                I2S0_Tx_IRQHandler
                0x0000061c                I2S0_Rx_IRQHandler
                0x00000622                LPUART0_IRQHandler
                0x00000628                UART0_RX_TX_IRQHandler
                0x0000062e                UART0_ERR_IRQHandler
                0x00000640                UART2_RX_TX_IRQHandler
                0x00000646                UART2_ERR_IRQHandler
                0x0000064c                Reserved53_IRQHandler
                0x00000652                Reserved54_IRQHandler
                0x00000658                ADC0_IRQHandler
                0x0000065e                CMP0_IRQHandler
                0x00000664                CMP1_IRQHandler
                0x0000067c                Reserved61_IRQHandler
                0x00000682                RTC_IRQHandler
                0x00000688                RTC_Seconds_IRQHandler
                0x0000068e                PIT0_IRQHandler
                0x00000694                PIT1_IRQHandler
                0x0000069a                PIT2_IRQHandler
                0x000006a0                PIT3_IRQHandler
                0x000006a6                PDB0_IRQHandler
                0x000006ac                USB0_IRQHandler
                0x000006b2                Reserved70_IRQHandler
                0x000006b8                Reserved71_IRQHandler
                0x000006be                DAC0_IRQHandler
                0x000006c4                MCG_IRQHandler
                0x000006ca                LPTMR0_IRQHandler
                0x000006d0                PORTA_IRQHandler
                0x000006d6                PORTB_IRQHandler
                0x000006dc                PORTC_IRQHandler
                0x000006e2                PORTD_IRQHandler
                0x000006e8                PORTE_IRQHandler
                0x000006ee                SWI_IRQHandler
                0x000006f4                Reserved81_IRQHandler
                0x000006fa                Reserved82_IRQHandler
                0x00000700                Reserved83_IRQHandler
                0x00000706                Reserved84_IRQHandler
                0x0000070c                Reserved85_IRQHandler
                0x00000712                Reserved86_IRQHandler
                0x0000071e                DAC1_IRQHandler
                0x00000724                ADC1_IRQHandler
                0x0000072a                Reserved90_IRQHandler
                0x00000730                Reserved91_IRQHandler
                0x00000736                Reserved92_IRQHandler
                0x0000073c                Reserved93_IRQHandler
                0x00000742                Reserved94_IRQHandler
                0x00000748                Reserved95_IRQHandler
                0x0000074e                Reserved96_IRQHandler
                0x00000754                Reserved97_IRQHandler
                0x0000075a                Reserved98_IRQHandler
                0x00000760                Reserved99_IRQHandler
                0x00000766                Reserved100_IRQHandler
                0x0000076c                Reserved101_IRQHandler
                0x00000772                DefaultISR
 *(.text*)
 .text.Default_Handler_FTM0
                0x00000778       0x10 ./Sources/utils/ftm0.o
                0x00000778                FTM0CH5_IRQHandler
                0x00000778                FTM0CH7_IRQHandler
                0x00000778                FTM0CH1_IRQHandler
                0x00000778                FTM0CH0_IRQHandler
                0x00000778                Default_Handler_FTM0
                0x00000778                FTM0CH4_IRQHandler
                0x00000778                FTM0CH6_IRQHandler
                0x00000778                FTM0TOF_IRQHandler
                0x00000778                FTM0CH2_IRQHandler
                0x00000778                FTM0CH3_IRQHandler
 .text.FTM0_IRQHandler
                0x00000788       0x9c ./Sources/utils/ftm0.o
                0x00000788                FTM0_IRQHandler
 .text.Default_Handler_FTM3
                0x00000824       0x10 ./Sources/utils/ftm3.o
                0x00000824                FTM3CH6_IRQHandler
                0x00000824                FTM3CH7_IRQHandler
                0x00000824                FTM3CH0_IRQHandler
                0x00000824                FTM3TOF_IRQHandler
                0x00000824                FTM3CH3_IRQHandler
                0x00000824                Default_Handler_FTM3
                0x00000824                FTM3CH4_IRQHandler
                0x00000824                FTM3CH2_IRQHandler
                0x00000824                FTM3CH5_IRQHandler
                0x00000824                FTM3CH1_IRQHandler
 .text.FTM3_IRQHandler
                0x00000834       0x9c ./Sources/utils/ftm3.o
                0x00000834                FTM3_IRQHandler
 .text.FTM1_IRQHandler
                0x000008d0      0x274 ./Sources/drive/quad.o
                0x000008d0                FTM1_IRQHandler
 .text.FTM2_IRQHandler
                0x00000b44      0x274 ./Sources/drive/quad.o
                0x00000b44                FTM2_IRQHandler
 .text.UART1_RX_TX_IRQHandler
                0x00000db8       0xf4 ./Sources/com/uart1.o
                0x00000db8                UART1_RX_TX_IRQHandler
 .text.UART1_ERR_IRQHandler
                0x00000eac       0x1c ./Sources/com/uart1.o
                0x00000eac                UART1_ERR_IRQHandler
 .text.EnableDebugLeds
                0x00000ec8       0x38 ./Sources/main.o
 .text.main     0x00000f00       0x14 ./Sources/main.o
                0x00000f00                main
 .text.SystemInit
                0x00000f14      0x224 ./Project_Settings/Startup_Code/system_MK22F51212.o
                0x00000f14                SystemInit
 .text.HardFault_HandlerC
                0x00001138       0xa0 ./Project_Settings/Startup_Code/system_MK22F51212.o
                0x00001138                HardFault_HandlerC
 .text.HardFault_Handler
                0x000011d8       0x1e ./Project_Settings/Startup_Code/system_MK22F51212.o
                0x000011d8                HardFault_Handler
 *fill*         0x000011f6        0x2 
 .text.exit     0x000011f8       0x28 c:/program files (x86)/gnu tools arm embedded/6 2017-q2-update/bin/../lib/gcc/arm-none-eabi/6.3.1/../../../../arm-none-eabi/lib/thumb/v7e-m/fpv4-sp/hard\libg_nano.a(lib_a-exit.o)
                0x000011f8                exit
 .text.__libc_init_array
                0x00001220       0x48 c:/program files (x86)/gnu tools arm embedded/6 2017-q2-update/bin/../lib/gcc/arm-none-eabi/6.3.1/../../../../arm-none-eabi/lib/thumb/v7e-m/fpv4-sp/hard\libg_nano.a(lib_a-init.o)
                0x00001220                __libc_init_array
 .text.memset   0x00001268       0x10 c:/program files (x86)/gnu tools arm embedded/6 2017-q2-update/bin/../lib/gcc/arm-none-eabi/6.3.1/../../../../arm-none-eabi/lib/thumb/v7e-m/fpv4-sp/hard\libg_nano.a(lib_a-memset.o)
                0x00001268                memset
 .text._exit    0x00001278        0x4 c:/program files (x86)/gnu tools arm embedded/6 2017-q2-update/bin/../lib/gcc/arm-none-eabi/6.3.1/../../../../arm-none-eabi/lib/thumb/v7e-m/fpv4-sp/hard\libnosys.a(_exit.o)
                0x00001278                _exit
 *(.rodata)
 *(.rodata*)
 .rodata.quadTable
                0x0000127c       0x10 ./Sources/drive/quad.o
 .rodata._global_impure_ptr
                0x0000128c        0x4 c:/program files (x86)/gnu tools arm embedded/6 2017-q2-update/bin/../lib/gcc/arm-none-eabi/6.3.1/../../../../arm-none-eabi/lib/thumb/v7e-m/fpv4-sp/hard\libg_nano.a(lib_a-impure.o)
                0x0000128c                _global_impure_ptr
 *(.glue_7)
 .glue_7        0x00001290        0x0 linker stubs
 *(.glue_7t)
 .glue_7t       0x00001290        0x0 linker stubs
 *(.eh_frame)
 .eh_frame      0x00001290        0x0 c:/program files (x86)/gnu tools arm embedded/6 2017-q2-update/bin/../lib/gcc/arm-none-eabi/6.3.1/thumb/v7e-m/fpv4-sp/hard/crtbegin.o
 *(.init)
 .init          0x00001290        0x4 c:/program files (x86)/gnu tools arm embedded/6 2017-q2-update/bin/../lib/gcc/arm-none-eabi/6.3.1/thumb/v7e-m/fpv4-sp/hard/crti.o
                0x00001290                _init
 .init          0x00001294        0x8 c:/program files (x86)/gnu tools arm embedded/6 2017-q2-update/bin/../lib/gcc/arm-none-eabi/6.3.1/thumb/v7e-m/fpv4-sp/hard/crtn.o
 *(.fini)
 .fini          0x0000129c        0x4 c:/program files (x86)/gnu tools arm embedded/6 2017-q2-update/bin/../lib/gcc/arm-none-eabi/6.3.1/thumb/v7e-m/fpv4-sp/hard/crti.o
                0x0000129c                _fini
 .fini          0x000012a0        0x8 c:/program files (x86)/gnu tools arm embedded/6 2017-q2-update/bin/../lib/gcc/arm-none-eabi/6.3.1/thumb/v7e-m/fpv4-sp/hard/crtn.o
                0x000012a8                . = ALIGN (0x4)

.vfp11_veneer   0x000012a8        0x0
 .vfp11_veneer  0x000012a8        0x0 linker stubs

.v4_bx          0x000012a8        0x0
 .v4_bx         0x000012a8        0x0 linker stubs

.iplt           0x000012a8        0x0
 .iplt          0x000012a8        0x0 c:/program files (x86)/gnu tools arm embedded/6 2017-q2-update/bin/../lib/gcc/arm-none-eabi/6.3.1/thumb/v7e-m/fpv4-sp/hard/crtbegin.o

.ARM.extab
 *(.ARM.extab* .gnu.linkonce.armextab.*)

.ARM            0x000012a8        0x8
                0x000012a8                __exidx_start = .
 *(.ARM.exidx*)
 .ARM.exidx     0x000012a8        0x8 c:/program files (x86)/gnu tools arm embedded/6 2017-q2-update/bin/../lib/gcc/arm-none-eabi/6.3.1/../../../../arm-none-eabi/lib/thumb/v7e-m/fpv4-sp/hard/crt0.o
                0x000012b0                __exidx_end = .

.rel.dyn        0x000012b0        0x0
 .rel.iplt      0x000012b0        0x0 c:/program files (x86)/gnu tools arm embedded/6 2017-q2-update/bin/../lib/gcc/arm-none-eabi/6.3.1/thumb/v7e-m/fpv4-sp/hard/crtbegin.o

.ctors          0x000012b0        0x0
                0x000012b0                __CTOR_LIST__ = .
 *crtbegin.o(.ctors)
 *crtbegin?.o(.ctors)
 *(EXCLUDE_FILE(*crtend.o *crtend?.o) .ctors)
 *(SORT(.ctors.*))
 *(.ctors)
                0x000012b0                __CTOR_END__ = .

.dtors          0x000012b0        0x0
                0x000012b0                __DTOR_LIST__ = .
 *crtbegin.o(.dtors)
 *crtbegin?.o(.dtors)
 *(EXCLUDE_FILE(*crtend.o *crtend?.o) .dtors)
 *(SORT(.dtors.*))
 *(.dtors)
                0x000012b0                __DTOR_END__ = .

.preinit_array  0x000012b0        0x0
                0x000012b0                PROVIDE (__preinit_array_start, .)
 *(.preinit_array*)
                0x000012b0                PROVIDE (__preinit_array_end, .)

.init_array     0x000012b0        0x4
                0x000012b0                PROVIDE (__init_array_start, .)
 *(SORT(.init_array.*))
 *(.init_array*)
 .init_array    0x000012b0        0x4 c:/program files (x86)/gnu tools arm embedded/6 2017-q2-update/bin/../lib/gcc/arm-none-eabi/6.3.1/thumb/v7e-m/fpv4-sp/hard/crtbegin.o
                0x000012b4                PROVIDE (__init_array_end, .)

.fini_array     0x000012b4        0x4
                [!provide]                PROVIDE (__fini_array_start, .)
 *(SORT(.fini_array.*))
 *(.fini_array*)
 .fini_array    0x000012b4        0x4 c:/program files (x86)/gnu tools arm embedded/6 2017-q2-update/bin/../lib/gcc/arm-none-eabi/6.3.1/thumb/v7e-m/fpv4-sp/hard/crtbegin.o
                [!provide]                PROVIDE (__fini_array_end, .)
                0x000012b8                __etext = .
                0x000012b8                __DATA_ROM = .

.data           0x1fff0000       0x68 load address 0x000012b8
                0x1fff0000                . = ALIGN (0x4)
                0x1fff0000                __DATA_RAM = .
                0x1fff0000                __data_start__ = .
 *(.data)
 *(.data*)
 .data.init.7087
                0x1fff0000        0x1 ./Sources/drive/quad.o
 .data.init.7103
                0x1fff0001        0x1 ./Sources/drive/quad.o
 *fill*         0x1fff0002        0x2 
 .data.impure_data
                0x1fff0004       0x60 c:/program files (x86)/gnu tools arm embedded/6 2017-q2-update/bin/../lib/gcc/arm-none-eabi/6.3.1/../../../../arm-none-eabi/lib/thumb/v7e-m/fpv4-sp/hard\libg_nano.a(lib_a-impure.o)
 *(.jcr*)
 .jcr           0x1fff0064        0x0 c:/program files (x86)/gnu tools arm embedded/6 2017-q2-update/bin/../lib/gcc/arm-none-eabi/6.3.1/thumb/v7e-m/fpv4-sp/hard/crtbegin.o
 .jcr           0x1fff0064        0x4 c:/program files (x86)/gnu tools arm embedded/6 2017-q2-update/bin/../lib/gcc/arm-none-eabi/6.3.1/thumb/v7e-m/fpv4-sp/hard/crtend.o
                0x1fff0068                . = ALIGN (0x4)
                0x1fff0068                __data_end__ = .
                0x00001320                __DATA_END = (__DATA_ROM + (__data_end__ - __data_start__))

.igot.plt       0x1fff0068        0x0 load address 0x00001320
 .igot.plt      0x1fff0068        0x0 c:/program files (x86)/gnu tools arm embedded/6 2017-q2-update/bin/../lib/gcc/arm-none-eabi/6.3.1/thumb/v7e-m/fpv4-sp/hard/crtbegin.o

.bss            0x1fff0068      0x46c load address 0x00001320
                0x1fff0068                . = ALIGN (0x4)
                0x1fff0068                __START_BSS = .
                0x1fff0068                __bss_start__ = .
 *(.bss)
 .bss           0x1fff0068       0x1c c:/program files (x86)/gnu tools arm embedded/6 2017-q2-update/bin/../lib/gcc/arm-none-eabi/6.3.1/thumb/v7e-m/fpv4-sp/hard/crtbegin.o
 *(.bss*)
 .bss.ticksLeft
                0x1fff0084        0x4 ./Sources/drive/quad.o
 .bss.errorLeft
                0x1fff0088        0x1 ./Sources/drive/quad.o
 *fill*         0x1fff0089        0x3 
 .bss.timeLeft  0x1fff008c        0x4 ./Sources/drive/quad.o
 .bss.ticksRight
                0x1fff0090        0x4 ./Sources/drive/quad.o
 .bss.errorRight
                0x1fff0094        0x1 ./Sources/drive/quad.o
 *fill*         0x1fff0095        0x3 
 .bss.timeRight
                0x1fff0098        0x4 ./Sources/drive/quad.o
 .bss.fallingOkB.7080
                0x1fff009c        0x1 ./Sources/drive/quad.o
 .bss.risingOkB.7079
                0x1fff009d        0x1 ./Sources/drive/quad.o
 .bss.fallingOkA.7082
                0x1fff009e        0x1 ./Sources/drive/quad.o
 .bss.risingOkA.7081
                0x1fff009f        0x1 ./Sources/drive/quad.o
 .bss.bits.7078
                0x1fff00a0        0x1 ./Sources/drive/quad.o
 *fill*         0x1fff00a1        0x3 
 .bss.risingB.7083
                0x1fff00a4        0x4 ./Sources/drive/quad.o
 .bss.fallingB.7084
                0x1fff00a8        0x4 ./Sources/drive/quad.o
 .bss.risingA.7085
                0x1fff00ac        0x4 ./Sources/drive/quad.o
 .bss.fallingA.7086
                0x1fff00b0        0x4 ./Sources/drive/quad.o
 .bss.fallingOkB.7096
                0x1fff00b4        0x1 ./Sources/drive/quad.o
 .bss.risingOkB.7095
                0x1fff00b5        0x1 ./Sources/drive/quad.o
 .bss.fallingOkA.7098
                0x1fff00b6        0x1 ./Sources/drive/quad.o
 .bss.risingOkA.7097
                0x1fff00b7        0x1 ./Sources/drive/quad.o
 .bss.bits.7094
                0x1fff00b8        0x1 ./Sources/drive/quad.o
 *fill*         0x1fff00b9        0x3 
 .bss.risingB.7099
                0x1fff00bc        0x4 ./Sources/drive/quad.o
 .bss.fallingB.7100
                0x1fff00c0        0x4 ./Sources/drive/quad.o
 .bss.risingA.7101
                0x1fff00c4        0x4 ./Sources/drive/quad.o
 .bss.fallingA.7102
                0x1fff00c8        0x4 ./Sources/drive/quad.o
 .bss.rxBuf     0x1fff00cc      0x200 ./Sources/com/uart1.o
 .bss.rxBufCount
                0x1fff02cc        0x2 ./Sources/com/uart1.o
 .bss.rxBufWritePos
                0x1fff02ce        0x2 ./Sources/com/uart1.o
 .bss.txBuf     0x1fff02d0      0x200 ./Sources/com/uart1.o
 .bss.txBufCount
                0x1fff04d0        0x2 ./Sources/com/uart1.o
 .bss.txBufReadPos
                0x1fff04d2        0x2 ./Sources/com/uart1.o
 *(COMMON)
                0x1fff04d4                . = ALIGN (0x4)
                0x1fff04d4                __bss_end__ = .
                0x1fff04d4                __END_BSS = .

.heap           0x20000000      0x400
                0x20000000                . = ALIGN (0x8)
                0x20000000                __end__ = .
                [!provide]                PROVIDE (end, .)
                0x20000000                __HeapBase = .
                0x20000400                . = (. + HEAP_SIZE)
 *fill*         0x20000000      0x400 
                0x20000400                __HeapLimit = .

.stack          0x20000400      0x400
                0x20000400                . = ALIGN (0x8)
                0x20000800                . = (. + STACK_SIZE)
 *fill*         0x20000400      0x400 
                0x20010000                __StackTop = (ORIGIN (m_data_2) + LENGTH (m_data_2))
                0x2000fc00                __StackLimit = (__StackTop - STACK_SIZE)
                0x20010000                PROVIDE (__stack, __StackTop)

.ARM.attributes
                0x00000000       0x30
 *(.ARM.attributes)
 .ARM.attributes
                0x00000000       0x22 c:/program files (x86)/gnu tools arm embedded/6 2017-q2-update/bin/../lib/gcc/arm-none-eabi/6.3.1/thumb/v7e-m/fpv4-sp/hard/crti.o
 .ARM.attributes
                0x00000022       0x34 c:/program files (x86)/gnu tools arm embedded/6 2017-q2-update/bin/../lib/gcc/arm-none-eabi/6.3.1/thumb/v7e-m/fpv4-sp/hard/crtbegin.o
 .ARM.attributes
                0x00000056       0x20 c:/program files (x86)/gnu tools arm embedded/6 2017-q2-update/bin/../lib/gcc/arm-none-eabi/6.3.1/../../../../arm-none-eabi/lib/thumb/v7e-m/fpv4-sp/hard/crt0.o
 .ARM.attributes
                0x00000076       0x39 ./Sources/utils/ftm0.o
 .ARM.attributes
                0x000000af       0x39 ./Sources/utils/ftm3.o
 .ARM.attributes
                0x000000e8       0x39 ./Sources/drive/quad.o
 .ARM.attributes
                0x00000121       0x39 ./Sources/com/uart1.o
 .ARM.attributes
                0x0000015a       0x39 ./Sources/main.o
 .ARM.attributes
                0x00000193       0x1f ./Project_Settings/Startup_Code/startup_MK22F51212.o
 .ARM.attributes
                0x000001b2       0x39 ./Project_Settings/Startup_Code/system_MK22F51212.o
 .ARM.attributes
                0x000001eb       0x34 c:/program files (x86)/gnu tools arm embedded/6 2017-q2-update/bin/../lib/gcc/arm-none-eabi/6.3.1/../../../../arm-none-eabi/lib/thumb/v7e-m/fpv4-sp/hard\libg_nano.a(lib_a-exit.o)
 .ARM.attributes
                0x0000021f       0x34 c:/program files (x86)/gnu tools arm embedded/6 2017-q2-update/bin/../lib/gcc/arm-none-eabi/6.3.1/../../../../arm-none-eabi/lib/thumb/v7e-m/fpv4-sp/hard\libg_nano.a(lib_a-impure.o)
 .ARM.attributes
                0x00000253       0x34 c:/program files (x86)/gnu tools arm embedded/6 2017-q2-update/bin/../lib/gcc/arm-none-eabi/6.3.1/../../../../arm-none-eabi/lib/thumb/v7e-m/fpv4-sp/hard\libg_nano.a(lib_a-init.o)
 .ARM.attributes
                0x00000287       0x34 c:/program files (x86)/gnu tools arm embedded/6 2017-q2-update/bin/../lib/gcc/arm-none-eabi/6.3.1/../../../../arm-none-eabi/lib/thumb/v7e-m/fpv4-sp/hard\libg_nano.a(lib_a-memset.o)
 .ARM.attributes
                0x000002bb       0x34 c:/program files (x86)/gnu tools arm embedded/6 2017-q2-update/bin/../lib/gcc/arm-none-eabi/6.3.1/../../../../arm-none-eabi/lib/thumb/v7e-m/fpv4-sp/hard\libnosys.a(_exit.o)
 .ARM.attributes
                0x000002ef       0x34 c:/program files (x86)/gnu tools arm embedded/6 2017-q2-update/bin/../lib/gcc/arm-none-eabi/6.3.1/thumb/v7e-m/fpv4-sp/hard/crtend.o
 .ARM.attributes
                0x00000323       0x22 c:/program files (x86)/gnu tools arm embedded/6 2017-q2-update/bin/../lib/gcc/arm-none-eabi/6.3.1/thumb/v7e-m/fpv4-sp/hard/crtn.o
                0x00000001                ASSERT ((__StackLimit >= __HeapLimit), region m_data_2 overflowed with stack and heap)
OUTPUT(PREN1_Team31_TinyK22_v1.elf elf32-littlearm)

.debug_info     0x00000000     0x47f8
 .debug_info    0x00000000      0x9ae ./Sources/utils/ftm0.o
 .debug_info    0x000009ae      0x9ae ./Sources/utils/ftm3.o
 .debug_info    0x0000135c     0x16e8 ./Sources/drive/quad.o
 .debug_info    0x00002a44      0xe4d ./Sources/com/uart1.o
 .debug_info    0x00003891      0x22d ./Sources/main.o
 .debug_info    0x00003abe       0xee ./Project_Settings/Startup_Code/startup_MK22F51212.o
 .debug_info    0x00003bac      0xc4c ./Project_Settings/Startup_Code/system_MK22F51212.o

.debug_abbrev   0x00000000      0xaa8
 .debug_abbrev  0x00000000      0x165 ./Sources/utils/ftm0.o
 .debug_abbrev  0x00000165      0x165 ./Sources/utils/ftm3.o
 .debug_abbrev  0x000002ca      0x303 ./Sources/drive/quad.o
 .debug_abbrev  0x000005cd      0x27e ./Sources/com/uart1.o
 .debug_abbrev  0x0000084b       0xd1 ./Sources/main.o
 .debug_abbrev  0x0000091c       0x14 ./Project_Settings/Startup_Code/startup_MK22F51212.o
 .debug_abbrev  0x00000930      0x178 ./Project_Settings/Startup_Code/system_MK22F51212.o

.debug_aranges  0x00000000      0x1f0
 .debug_aranges
                0x00000000       0x40 ./Sources/utils/ftm0.o
 .debug_aranges
                0x00000040       0x40 ./Sources/utils/ftm3.o
 .debug_aranges
                0x00000080       0x68 ./Sources/drive/quad.o
 .debug_aranges
                0x000000e8       0x88 ./Sources/com/uart1.o
 .debug_aranges
                0x00000170       0x28 ./Sources/main.o
 .debug_aranges
                0x00000198       0x20 ./Project_Settings/Startup_Code/startup_MK22F51212.o
 .debug_aranges
                0x000001b8       0x38 ./Project_Settings/Startup_Code/system_MK22F51212.o

.debug_ranges   0x00000000      0x170
 .debug_ranges  0x00000000       0x30 ./Sources/utils/ftm0.o
 .debug_ranges  0x00000030       0x30 ./Sources/utils/ftm3.o
 .debug_ranges  0x00000060       0x58 ./Sources/drive/quad.o
 .debug_ranges  0x000000b8       0x78 ./Sources/com/uart1.o
 .debug_ranges  0x00000130       0x18 ./Sources/main.o
 .debug_ranges  0x00000148       0x28 ./Project_Settings/Startup_Code/system_MK22F51212.o

.debug_macro    0x00000000    0x11349
 .debug_macro   0x00000000       0xd2 ./Sources/utils/ftm0.o
 .debug_macro   0x000000d2      0x898 ./Sources/utils/ftm0.o
 .debug_macro   0x0000096a       0x16 ./Sources/utils/ftm0.o
 .debug_macro   0x00000980       0x22 ./Sources/utils/ftm0.o
 .debug_macro   0x000009a2       0x4f ./Sources/utils/ftm0.o
 .debug_macro   0x000009f1       0x51 ./Sources/utils/ftm0.o
 .debug_macro   0x00000a42       0xef ./Sources/utils/ftm0.o
 .debug_macro   0x00000b31       0x6a ./Sources/utils/ftm0.o
 .debug_macro   0x00000b9b      0x1df ./Sources/utils/ftm0.o
 .debug_macro   0x00000d7a       0x55 ./Sources/utils/ftm0.o
 .debug_macro   0x00000dcf       0x3b ./Sources/utils/ftm0.o
 .debug_macro   0x00000e0a       0x34 ./Sources/utils/ftm0.o
 .debug_macro   0x00000e3e       0x26 ./Sources/utils/ftm0.o
 .debug_macro   0x00000e64      0xd1d ./Sources/utils/ftm0.o
 .debug_macro   0x00001b81       0xd9 ./Sources/utils/ftm0.o
 .debug_macro   0x00001c5a     0xefee ./Sources/utils/ftm0.o
 .debug_macro   0x00010c48      0x138 ./Sources/utils/ftm0.o
 .debug_macro   0x00010d80       0x1c ./Sources/utils/ftm0.o
 .debug_macro   0x00010d9c       0xd2 ./Sources/utils/ftm3.o
 .debug_macro   0x00010e6e       0x1c ./Sources/utils/ftm3.o
 .debug_macro   0x00010e8a      0x1d5 ./Sources/drive/quad.o
 .debug_macro   0x0001105f       0xc6 ./Sources/com/uart1.o
 .debug_macro   0x00011125       0xfe ./Sources/main.o
 .debug_macro   0x00011223       0x16 ./Sources/main.o
 .debug_macro   0x00011239       0xa9 ./Project_Settings/Startup_Code/system_MK22F51212.o
 .debug_macro   0x000112e2       0x67 ./Project_Settings/Startup_Code/system_MK22F51212.o

.debug_line     0x00000000     0x17f8
 .debug_line    0x00000000      0x347 ./Sources/utils/ftm0.o
 .debug_line    0x00000347      0x347 ./Sources/utils/ftm3.o
 .debug_line    0x0000068e      0x566 ./Sources/drive/quad.o
 .debug_line    0x00000bf4      0x44a ./Sources/com/uart1.o
 .debug_line    0x0000103e      0x325 ./Sources/main.o
 .debug_line    0x00001363       0xe9 ./Project_Settings/Startup_Code/startup_MK22F51212.o
 .debug_line    0x0000144c      0x3ac ./Project_Settings/Startup_Code/system_MK22F51212.o

.debug_str      0x00000000    0x63922
 .debug_str     0x00000000    0x5fd9e ./Sources/utils/ftm0.o
                              0x5ff76 (size before relaxing)
 .debug_str     0x0005fd9e       0xca ./Sources/utils/ftm3.o
                              0x5ff78 (size before relaxing)
 .debug_str     0x0005fe68     0x33dd ./Sources/drive/quad.o
                              0x63276 (size before relaxing)
 .debug_str     0x00063245      0x309 ./Sources/com/uart1.o
                              0x6018d (size before relaxing)
 .debug_str     0x0006354e      0x1d0 ./Sources/main.o
                              0x5f9fe (size before relaxing)
 .debug_str     0x0006371e      0x204 ./Project_Settings/Startup_Code/system_MK22F51212.o
                              0x5f935 (size before relaxing)

.comment        0x00000000       0x7f
 .comment       0x00000000       0x7f ./Sources/utils/ftm0.o
                                 0x80 (size before relaxing)
 .comment       0x0000007f       0x80 ./Sources/utils/ftm3.o
 .comment       0x0000007f       0x80 ./Sources/drive/quad.o
 .comment       0x0000007f       0x80 ./Sources/com/uart1.o
 .comment       0x0000007f       0x80 ./Sources/main.o
 .comment       0x0000007f       0x80 ./Project_Settings/Startup_Code/system_MK22F51212.o

.debug_frame    0x00000000      0x6b8
 .debug_frame   0x00000000       0xbc ./Sources/utils/ftm0.o
 .debug_frame   0x000000bc       0xbc ./Sources/utils/ftm3.o
 .debug_frame   0x00000178      0x18c ./Sources/drive/quad.o
 .debug_frame   0x00000304      0x238 ./Sources/com/uart1.o
 .debug_frame   0x0000053c       0x50 ./Sources/main.o
 .debug_frame   0x0000058c       0x98 ./Project_Settings/Startup_Code/system_MK22F51212.o
 .debug_frame   0x00000624       0x28 c:/program files (x86)/gnu tools arm embedded/6 2017-q2-update/bin/../lib/gcc/arm-none-eabi/6.3.1/../../../../arm-none-eabi/lib/thumb/v7e-m/fpv4-sp/hard\libg_nano.a(lib_a-exit.o)
 .debug_frame   0x0000064c       0x2c c:/program files (x86)/gnu tools arm embedded/6 2017-q2-update/bin/../lib/gcc/arm-none-eabi/6.3.1/../../../../arm-none-eabi/lib/thumb/v7e-m/fpv4-sp/hard\libg_nano.a(lib_a-init.o)
 .debug_frame   0x00000678       0x20 c:/program files (x86)/gnu tools arm embedded/6 2017-q2-update/bin/../lib/gcc/arm-none-eabi/6.3.1/../../../../arm-none-eabi/lib/thumb/v7e-m/fpv4-sp/hard\libg_nano.a(lib_a-memset.o)
 .debug_frame   0x00000698       0x20 c:/program files (x86)/gnu tools arm embedded/6 2017-q2-update/bin/../lib/gcc/arm-none-eabi/6.3.1/../../../../arm-none-eabi/lib/thumb/v7e-m/fpv4-sp/hard\libnosys.a(_exit.o)
