Archive member included to satisfy reference by file (symbol)

c:/program files (x86)/gnu tools arm embedded/6 2017-q2-update/bin/../lib/gcc/arm-none-eabi/6.3.1/thumb/v7e-m/fpv4-sp/hard\libgcc.a(_arm_addsubdf3.o)
                              ./Sources/drive/quad.o (__aeabi_i2d)
c:/program files (x86)/gnu tools arm embedded/6 2017-q2-update/bin/../lib/gcc/arm-none-eabi/6.3.1/thumb/v7e-m/fpv4-sp/hard\libgcc.a(_arm_muldivdf3.o)
                              ./Sources/drive/quad.o (__aeabi_dmul)
c:/program files (x86)/gnu tools arm embedded/6 2017-q2-update/bin/../lib/gcc/arm-none-eabi/6.3.1/thumb/v7e-m/fpv4-sp/hard\libgcc.a(_arm_fixdfsi.o)
                              ./Sources/drive/quad.o (__aeabi_d2iz)
c:/program files (x86)/gnu tools arm embedded/6 2017-q2-update/bin/../lib/gcc/arm-none-eabi/6.3.1/../../../../arm-none-eabi/lib/thumb/v7e-m/fpv4-sp/hard\libg_nano.a(lib_a-exit.o)
                              c:/program files (x86)/gnu tools arm embedded/6 2017-q2-update/bin/../lib/gcc/arm-none-eabi/6.3.1/../../../../arm-none-eabi/lib/thumb/v7e-m/fpv4-sp/hard/crt0.o (exit)
c:/program files (x86)/gnu tools arm embedded/6 2017-q2-update/bin/../lib/gcc/arm-none-eabi/6.3.1/../../../../arm-none-eabi/lib/thumb/v7e-m/fpv4-sp/hard\libg_nano.a(lib_a-impure.o)
                              c:/program files (x86)/gnu tools arm embedded/6 2017-q2-update/bin/../lib/gcc/arm-none-eabi/6.3.1/../../../../arm-none-eabi/lib/thumb/v7e-m/fpv4-sp/hard\libg_nano.a(lib_a-exit.o) (_global_impure_ptr)
c:/program files (x86)/gnu tools arm embedded/6 2017-q2-update/bin/../lib/gcc/arm-none-eabi/6.3.1/../../../../arm-none-eabi/lib/thumb/v7e-m/fpv4-sp/hard\libg_nano.a(lib_a-init.o)
                              c:/program files (x86)/gnu tools arm embedded/6 2017-q2-update/bin/../lib/gcc/arm-none-eabi/6.3.1/../../../../arm-none-eabi/lib/thumb/v7e-m/fpv4-sp/hard/crt0.o (__libc_init_array)
c:/program files (x86)/gnu tools arm embedded/6 2017-q2-update/bin/../lib/gcc/arm-none-eabi/6.3.1/../../../../arm-none-eabi/lib/thumb/v7e-m/fpv4-sp/hard\libg_nano.a(lib_a-memset.o)
                              c:/program files (x86)/gnu tools arm embedded/6 2017-q2-update/bin/../lib/gcc/arm-none-eabi/6.3.1/../../../../arm-none-eabi/lib/thumb/v7e-m/fpv4-sp/hard/crt0.o (memset)
c:/program files (x86)/gnu tools arm embedded/6 2017-q2-update/bin/../lib/gcc/arm-none-eabi/6.3.1/../../../../arm-none-eabi/lib/thumb/v7e-m/fpv4-sp/hard\libg_nano.a(lib_a-strcmp.o)
                              ./Sources/sound/sound.o (strcmp)
c:/program files (x86)/gnu tools arm embedded/6 2017-q2-update/bin/../lib/gcc/arm-none-eabi/6.3.1/../../../../arm-none-eabi/lib/thumb/v7e-m/fpv4-sp/hard\libg_nano.a(lib_a-strlen.o)
                              ./Sources/com/term.o (strlen)
c:/program files (x86)/gnu tools arm embedded/6 2017-q2-update/bin/../lib/gcc/arm-none-eabi/6.3.1/../../../../arm-none-eabi/lib/thumb/v7e-m/fpv4-sp/hard\libg_nano.a(lib_a-strncmp.o)
                              ./Sources/sound/sound.o (strncmp)
c:/program files (x86)/gnu tools arm embedded/6 2017-q2-update/bin/../lib/gcc/arm-none-eabi/6.3.1/../../../../arm-none-eabi/lib/thumb/v7e-m/fpv4-sp/hard\libg_nano.a(lib_a-strncpy.o)
                              ./Sources/com/term.o (strncpy)
c:/program files (x86)/gnu tools arm embedded/6 2017-q2-update/bin/../lib/gcc/arm-none-eabi/6.3.1/../../../../arm-none-eabi/lib/thumb/v7e-m/fpv4-sp/hard\libnosys.a(_exit.o)
                              c:/program files (x86)/gnu tools arm embedded/6 2017-q2-update/bin/../lib/gcc/arm-none-eabi/6.3.1/../../../../arm-none-eabi/lib/thumb/v7e-m/fpv4-sp/hard\libg_nano.a(lib_a-exit.o) (_exit)

Allocating common symbols
Common symbol       size              file

sri                 0x1               ./Sources/drive/drive.o
sl                  0x200             ./Sources/drive/drive.o
sli                 0x1               ./Sources/drive/drive.o
sr                  0x200             ./Sources/drive/drive.o

Discarded input sections

 .text          0x00000000        0x0 c:/program files (x86)/gnu tools arm embedded/6 2017-q2-update/bin/../lib/gcc/arm-none-eabi/6.3.1/thumb/v7e-m/fpv4-sp/hard/crti.o
 .data          0x00000000        0x0 c:/program files (x86)/gnu tools arm embedded/6 2017-q2-update/bin/../lib/gcc/arm-none-eabi/6.3.1/thumb/v7e-m/fpv4-sp/hard/crti.o
 .bss           0x00000000        0x0 c:/program files (x86)/gnu tools arm embedded/6 2017-q2-update/bin/../lib/gcc/arm-none-eabi/6.3.1/thumb/v7e-m/fpv4-sp/hard/crti.o
 .data          0x00000000        0x4 c:/program files (x86)/gnu tools arm embedded/6 2017-q2-update/bin/../lib/gcc/arm-none-eabi/6.3.1/thumb/v7e-m/fpv4-sp/hard/crtbegin.o
 .data          0x00000000        0x0 c:/program files (x86)/gnu tools arm embedded/6 2017-q2-update/bin/../lib/gcc/arm-none-eabi/6.3.1/../../../../arm-none-eabi/lib/thumb/v7e-m/fpv4-sp/hard/crt0.o
[...]
Memory Configuration

Name             Origin             Length             Attributes
m_interrupts     0x00000000         0x00000400         xr
m_flash_config   0x00000400         0x00000010         xr
m_text           0x00000410         0x0007fbf0         xr
m_data           0x1fff0000         0x00010000         rw
m_data_2         0x20000000         0x00010000         rw
*default*        0x00000000         0xffffffff

Linker script and memory map

LOAD c:/program files (x86)/gnu tools arm embedded/6 2017-q2-update/bin/../lib/gcc/arm-none-eabi/6.3.1/thumb/v7e-m/fpv4-sp/hard/crti.o
LOAD c:/program files (x86)/gnu tools arm embedded/6 2017-q2-update/bin/../lib/gcc/arm-none-eabi/6.3.1/thumb/v7e-m/fpv4-sp/hard/crtbegin.o
LOAD c:/program files (x86)/gnu tools arm embedded/6 2017-q2-update/bin/../lib/gcc/arm-none-eabi/6.3.1/../../../../arm-none-eabi/lib/thumb/v7e-m/fpv4-sp/hard/crt0.o
LOAD ./Sources/utils/color.o
LOAD ./Sources/utils/ftm0.o
LOAD ./Sources/utils/ftm3.o
LOAD ./Sources/utils/ir.o
LOAD ./Sources/utils/led.o
LOAD ./Sources/utils/util.o
LOAD ./Sources/sound/sound.o
LOAD ./Sources/sound/soundPlayer.o
LOAD ./Sources/drive/drive.o
LOAD ./Sources/drive/motor.o
LOAD ./Sources/drive/quad.o
LOAD ./Sources/com/lpuart0.o
LOAD ./Sources/com/term.o
LOAD ./Sources/com/uart0.o
LOAD ./Sources/com/uart1.o
LOAD ./Sources/main.o
LOAD ./Project_Settings/Startup_Code/startup_MK22F51212.o
LOAD ./Project_Settings/Startup_Code/system_MK22F51212.o
LOAD c:/program files (x86)/gnu tools arm embedded/6 2017-q2-update/bin/../lib/gcc/arm-none-eabi/6.3.1/../../../../arm-none-eabi/lib/thumb/v7e-m/fpv4-sp/hard\libstdc++_nano.a
LOAD c:/program files (x86)/gnu tools arm embedded/6 2017-q2-update/bin/../lib/gcc/arm-none-eabi/6.3.1/../../../../arm-none-eabi/lib/thumb/v7e-m/fpv4-sp/hard\libm.a
START GROUP
LOAD c:/program files (x86)/gnu tools arm embedded/6 2017-q2-update/bin/../lib/gcc/arm-none-eabi/6.3.1/thumb/v7e-m/fpv4-sp/hard\libgcc.a
LOAD c:/program files (x86)/gnu tools arm embedded/6 2017-q2-update/bin/../lib/gcc/arm-none-eabi/6.3.1/../../../../arm-none-eabi/lib/thumb/v7e-m/fpv4-sp/hard\libg_nano.a
LOAD c:/program files (x86)/gnu tools arm embedded/6 2017-q2-update/bin/../lib/gcc/arm-none-eabi/6.3.1/../../../../arm-none-eabi/lib/thumb/v7e-m/fpv4-sp/hard\libc_nano.a
END GROUP
START GROUP
LOAD c:/program files (x86)/gnu tools arm embedded/6 2017-q2-update/bin/../lib/gcc/arm-none-eabi/6.3.1/thumb/v7e-m/fpv4-sp/hard\libgcc.a
LOAD c:/program files (x86)/gnu tools arm embedded/6 2017-q2-update/bin/../lib/gcc/arm-none-eabi/6.3.1/../../../../arm-none-eabi/lib/thumb/v7e-m/fpv4-sp/hard\libc_nano.a
LOAD c:/program files (x86)/gnu tools arm embedded/6 2017-q2-update/bin/../lib/gcc/arm-none-eabi/6.3.1/../../../../arm-none-eabi/lib/thumb/v7e-m/fpv4-sp/hard\libnosys.a
END GROUP
START GROUP
LOAD c:/program files (x86)/gnu tools arm embedded/6 2017-q2-update/bin/../lib/gcc/arm-none-eabi/6.3.1/thumb/v7e-m/fpv4-sp/hard\libgcc.a
LOAD c:/program files (x86)/gnu tools arm embedded/6 2017-q2-update/bin/../lib/gcc/arm-none-eabi/6.3.1/../../../../arm-none-eabi/lib/thumb/v7e-m/fpv4-sp/hard\libc_nano.a
LOAD c:/program files (x86)/gnu tools arm embedded/6 2017-q2-update/bin/../lib/gcc/arm-none-eabi/6.3.1/../../../../arm-none-eabi/lib/thumb/v7e-m/fpv4-sp/hard\libnosys.a
END GROUP
LOAD c:/program files (x86)/gnu tools arm embedded/6 2017-q2-update/bin/../lib/gcc/arm-none-eabi/6.3.1/thumb/v7e-m/fpv4-sp/hard/crtend.o
LOAD c:/program files (x86)/gnu tools arm embedded/6 2017-q2-update/bin/../lib/gcc/arm-none-eabi/6.3.1/thumb/v7e-m/fpv4-sp/hard/crtn.o
                0x00000400                HEAP_SIZE = DEFINED (__heap_size__)?__heap_size__:0x400
                0x00000400                STACK_SIZE = DEFINED (__stack_size__)?__stack_size__:0x400

.interrupts     0x00000000      0x400
                0x00000000                __VECTOR_TABLE = .
                0x00000000                . = ALIGN (0x4)
 *(.isr_vector)
 .isr_vector    0x00000000      0x400 ./Project_Settings/Startup_Code/startup_MK22F51212.o
                0x00000000                __isr_vector
                0x00000400                . = ALIGN (0x4)

.flash_config   0x00000400       0x10
                0x00000400                . = ALIGN (0x4)
 *(.FlashConfig)
 .FlashConfig   0x00000400       0x10 ./Project_Settings/Startup_Code/startup_MK22F51212.o
                0x00000410                . = ALIGN (0x4)

.text           0x00000410     0x52cc
                0x00000410                . = ALIGN (0x4)
 *(.text)
 .text          0x00000410       0x6c c:/program files (x86)/gnu tools arm embedded/6 2017-q2-update/bin/../lib/gcc/arm-none-eabi/6.3.1/thumb/v7e-m/fpv4-sp/hard/crtbegin.o
 .text          0x0000047c       0x74 c:/program files (x86)/gnu tools arm embedded/6 2017-q2-update/bin/../lib/gcc/arm-none-eabi/6.3.1/../../../../arm-none-eabi/lib/thumb/v7e-m/fpv4-sp/hard/crt0.o
                0x0000047c                _start
                0x0000047c                _mainCRTStartup
 .text          0x000004f0      0x288 ./Project_Settings/Startup_Code/startup_MK22F51212.o
                0x000004f0                Reset_Handler
                0x00000538                NMI_Handler
                0x00000544                MemManage_Handler
                0x0000054a                BusFault_Handler
                0x00000550                UsageFault_Handler
                0x00000556                SVC_Handler
                0x0000055c                DebugMon_Handler
                0x00000562                PendSV_Handler
                0x00000568                SysTick_Handler
                0x0000056e                DMA0_IRQHandler
                0x00000574                DMA1_IRQHandler
                0x0000057a                DMA2_IRQHandler
                0x00000580                DMA3_IRQHandler
                0x00000586                DMA4_IRQHandler
                0x0000058c                DMA5_IRQHandler
                0x00000592                DMA6_IRQHandler
                0x00000598                DMA7_IRQHandler
                0x0000059e                DMA8_IRQHandler
                0x000005a4                DMA9_IRQHandler
                0x000005aa                DMA10_IRQHandler
                0x000005b0                DMA11_IRQHandler
                0x000005b6                DMA12_IRQHandler
                0x000005bc                DMA13_IRQHandler
                0x000005c2                DMA14_IRQHandler
                0x000005c8                DMA15_IRQHandler
                0x000005ce                DMA_Error_IRQHandler
                0x000005d4                MCM_IRQHandler
                0x000005da                FTF_IRQHandler
                0x000005e0                Read_Collision_IRQHandler
                0x000005e6                LVD_LVW_IRQHandler
                0x000005ec                LLWU_IRQHandler
                0x000005f2                WDOG_EWM_IRQHandler
                0x000005f8                RNG_IRQHandler
                0x000005fe                I2C0_IRQHandler
                0x00000604                I2C1_IRQHandler
                0x0000060a                SPI0_IRQHandler
                0x00000610                SPI1_IRQHandler
                0x00000616                I2S0_Tx_IRQHandler
                0x0000061c                I2S0_Rx_IRQHandler
                0x00000640                UART2_RX_TX_IRQHandler
                0x00000646                UART2_ERR_IRQHandler
                0x0000064c                Reserved53_IRQHandler
                0x00000652                Reserved54_IRQHandler
                0x00000658                ADC0_IRQHandler
                0x0000065e                CMP0_IRQHandler
                0x00000664                CMP1_IRQHandler
                0x0000067c                Reserved61_IRQHandler
                0x00000682                RTC_IRQHandler
                0x00000688                RTC_Seconds_IRQHandler
                0x0000068e                PIT0_IRQHandler
                0x00000694                PIT1_IRQHandler
                0x0000069a                PIT2_IRQHandler
                0x000006a0                PIT3_IRQHandler
                0x000006a6                PDB0_IRQHandler
                0x000006ac                USB0_IRQHandler
                0x000006b2                Reserved70_IRQHandler
                0x000006b8                Reserved71_IRQHandler
                0x000006be                DAC0_IRQHandler
                0x000006c4                MCG_IRQHandler
                0x000006ca                LPTMR0_IRQHandler
                0x000006d0                PORTA_IRQHandler
                0x000006d6                PORTB_IRQHandler
                0x000006dc                PORTC_IRQHandler
                0x000006e2                PORTD_IRQHandler
                0x000006e8                PORTE_IRQHandler
                0x000006ee                SWI_IRQHandler
                0x000006f4                Reserved81_IRQHandler
                0x000006fa                Reserved82_IRQHandler
                0x00000700                Reserved83_IRQHandler
                0x00000706                Reserved84_IRQHandler
                0x0000070c                Reserved85_IRQHandler
                0x00000712                Reserved86_IRQHandler
                0x0000071e                DAC1_IRQHandler
                0x00000724                ADC1_IRQHandler
                0x0000072a                Reserved90_IRQHandler
                0x00000730                Reserved91_IRQHandler
                0x00000736                Reserved92_IRQHandler
                0x0000073c                Reserved93_IRQHandler
                0x00000742                Reserved94_IRQHandler
                0x00000748                Reserved95_IRQHandler
                0x0000074e                Reserved96_IRQHandler
                0x00000754                Reserved97_IRQHandler
                0x0000075a                Reserved98_IRQHandler
                0x00000760                Reserved99_IRQHandler
                0x00000766                Reserved100_IRQHandler
                0x0000076c                Reserved101_IRQHandler
                0x00000772                DefaultISR
 .text          0x00000778      0x370 c:/program files (x86)/gnu tools arm embedded/6 2017-q2-update/bin/../lib/gcc/arm-none-eabi/6.3.1/thumb/v7e-m/fpv4-sp/hard\libgcc.a(_arm_addsubdf3.o)
                0x00000778                __aeabi_drsub
                0x00000780                __aeabi_dsub
                0x00000780                __subdf3
                0x00000784                __aeabi_dadd
                0x00000784                __adddf3
                0x000009fc                __floatunsidf
                0x000009fc                __aeabi_ui2d
                0x00000a1c                __floatsidf
                0x00000a1c                __aeabi_i2d
                0x00000a40                __aeabi_f2d
                0x00000a40                __extendsfdf2
                0x00000a7c                __floatundidf
                0x00000a7c                __aeabi_ul2d
                0x00000a8c                __floatdidf
                0x00000a8c                __aeabi_l2d
 .text          0x00000ae8      0x424 c:/program files (x86)/gnu tools arm embedded/6 2017-q2-update/bin/../lib/gcc/arm-none-eabi/6.3.1/thumb/v7e-m/fpv4-sp/hard\libgcc.a(_arm_muldivdf3.o)
                0x00000ae8                __aeabi_dmul
                0x00000ae8                __muldf3
                0x00000d3c                __divdf3
                0x00000d3c                __aeabi_ddiv
 .text          0x00000f0c       0x50 c:/program files (x86)/gnu tools arm embedded/6 2017-q2-update/bin/../lib/gcc/arm-none-eabi/6.3.1/thumb/v7e-m/fpv4-sp/hard\libgcc.a(_arm_fixdfsi.o)
                0x00000f0c                __aeabi_d2iz
                0x00000f0c                __fixdfsi
 .text          0x00000f5c       0x14 c:/program files (x86)/gnu tools arm embedded/6 2017-q2-update/bin/../lib/gcc/arm-none-eabi/6.3.1/../../../../arm-none-eabi/lib/thumb/v7e-m/fpv4-sp/hard\libg_nano.a(lib_a-strcmp.o)
                0x00000f5c                strcmp
 .text          0x00000f70       0x10 c:/program files (x86)/gnu tools arm embedded/6 2017-q2-update/bin/../lib/gcc/arm-none-eabi/6.3.1/../../../../arm-none-eabi/lib/thumb/v7e-m/fpv4-sp/hard\libg_nano.a(lib_a-strlen.o)
                0x00000f70                strlen
 *(.text*)
 .text.colorHueToRGB
                0x00000f80      0x154 ./Sources/utils/color.o
                0x00000f80                colorHueToRGB
 .text.NVIC_EnableIRQ
                0x000010d4       0x34 ./Sources/utils/ftm0.o
 .text.NVIC_SetPriority
                0x00001108       0x54 ./Sources/utils/ftm0.o
 .text.Default_Handler_FTM0
                0x0000115c       0x10 ./Sources/utils/ftm0.o
                0x0000115c                FTM0CH1_IRQHandler
                0x0000115c                Default_Handler_FTM0
                0x0000115c                FTM0CH4_IRQHandler
                0x0000115c                FTM0CH6_IRQHandler
                0x0000115c                FTM0TOF_IRQHandler
                0x0000115c                FTM0CH2_IRQHandler
                0x0000115c                FTM0CH3_IRQHandler
                0x0000115c                FTM0CH7_IRQHandler
 .text.FTM0_IRQHandler
                0x0000116c       0x9c ./Sources/utils/ftm0.o
                0x0000116c                FTM0_IRQHandler
 .text.ftm0Init
                0x00001208       0x44 ./Sources/utils/ftm0.o
                0x00001208                ftm0Init
 .text.NVIC_EnableIRQ
                0x0000124c       0x34 ./Sources/utils/ftm3.o
 .text.NVIC_SetPriority
                0x00001280       0x54 ./Sources/utils/ftm3.o
 .text.Default_Handler_FTM3
                0x000012d4       0x10 ./Sources/utils/ftm3.o
                0x000012d4                FTM3CH6_IRQHandler
                0x000012d4                FTM3CH7_IRQHandler
                0x000012d4                FTM3CH0_IRQHandler
                0x000012d4                FTM3TOF_IRQHandler
                0x000012d4                FTM3CH3_IRQHandler
                0x000012d4                Default_Handler_FTM3
                0x000012d4                FTM3CH4_IRQHandler
                0x000012d4                FTM3CH2_IRQHandler
                0x000012d4                FTM3CH5_IRQHandler
                0x000012d4                FTM3CH1_IRQHandler
 .text.FTM3_IRQHandler
                0x000012e4       0x9c ./Sources/utils/ftm3.o
                0x000012e4                FTM3_IRQHandler
 .text.ftm3Init
                0x00001380       0x4c ./Sources/utils/ftm3.o
                0x00001380                ftm3Init
 .text.irProcessReceiveStateMachine
                0x000013cc      0x1ac ./Sources/utils/ir.o
                0x000013cc                irProcessReceiveStateMachine
 .text.FTM0CH5_IRQHandler
                0x00001578       0x88 ./Sources/utils/ir.o
                0x00001578                FTM0CH5_IRQHandler
 .text.irGetKey
                0x00001600      0x204 ./Sources/utils/ir.o
                0x00001600                irGetKey
 .text.irInit   0x00001804       0x24 ./Sources/utils/ir.o
                0x00001804                irInit
 .text.ledSetColorLeft
                0x00001828       0x4c ./Sources/utils/led.o
                0x00001828                ledSetColorLeft
 .text.ledSetColorRight
                0x00001874       0x4c ./Sources/utils/led.o
                0x00001874                ledSetColorRight
 .text.ledInit  0x000018c0       0x70 ./Sources/utils/led.o
                0x000018c0                ledInit
 .text.utilStrcpy
                0x00001930       0x4a ./Sources/utils/util.o
                0x00001930                utilStrcpy
 *fill*         0x0000197a        0x2 
 .text.utilNum16uToStr
                0x0000197c       0xec ./Sources/utils/util.o
                0x0000197c                utilNum16uToStr
 .text.utilNum16sToStr
                0x00001a68      0x140 ./Sources/utils/util.o
                0x00001a68                utilNum16sToStr
 .text.utilNum32sToStr
                0x00001ba8      0x130 ./Sources/utils/util.o
                0x00001ba8                utilNum32sToStr
 .text.utilScanDecimal16u
                0x00001cd8       0x9e ./Sources/utils/util.o
                0x00001cd8                utilScanDecimal16u
 .text.utilScanDecimal16s
                0x00001d76       0x8a ./Sources/utils/util.o
                0x00001d76                utilScanDecimal16s
 .text.soundSetCallbackHandler
                0x00001e00       0x20 ./Sources/sound/sound.o
                0x00001e00                soundSetCallbackHandler
 .text.FTM0CH0_IRQHandler
                0x00001e20       0x78 ./Sources/sound/sound.o
                0x00001e20                FTM0CH0_IRQHandler
 .text.soundBeep
                0x00001e98       0x84 ./Sources/sound/sound.o
                0x00001e98                soundBeep
 .text.soundParseCommand
                0x00001f1c       0xb8 ./Sources/sound/sound.o
                0x00001f1c                soundParseCommand
 .text.soundInit
                0x00001fd4       0x30 ./Sources/sound/sound.o
                0x00001fd4                soundInit
 .text.soundFinishedCallback
                0x00002004       0xac ./Sources/sound/soundPlayer.o
                0x00002004                soundFinishedCallback
 .text.soundStart
                0x000020b0       0x78 ./Sources/sound/soundPlayer.o
                0x000020b0                soundStart
 .text.soundStop
                0x00002128       0x2c ./Sources/sound/soundPlayer.o
                0x00002128                soundStop
 .text.soundLoad
                0x00002154      0x538 ./Sources/sound/soundPlayer.o
                0x00002154                soundLoad
 .text.soundPlay
                0x0000268c       0x1a ./Sources/sound/soundPlayer.o
                0x0000268c                soundPlay
 *fill*         0x000026a6        0x2 
 .text.soundPlayerParseCommand
                0x000026a8       0xe4 ./Sources/sound/soundPlayer.o
                0x000026a8                soundPlayerParseCommand
 .text.soundPlayerInit
                0x0000278c       0x24 ./Sources/sound/soundPlayer.o
                0x0000278c                soundPlayerInit
 .text.driveSetSpeed
                0x000027b0       0x74 ./Sources/drive/drive.o
                0x000027b0                driveSetSpeed
 .text.driveSetParameters
                0x00002824       0x50 ./Sources/drive/drive.o
                0x00002824                driveSetParameters
 .text.driveToWork
                0x00002874      0x4c0 ./Sources/drive/drive.o
                0x00002874                driveToWork
 .text.driveInit
                0x00002d34       0x68 ./Sources/drive/drive.o
                0x00002d34                driveInit
 .text.motorIncrementPwmRight
                0x00002d9c       0x48 ./Sources/drive/motor.o
                0x00002d9c                motorIncrementPwmRight
 .text.motorIncrementPwmLeft
                0x00002de4       0x48 ./Sources/drive/motor.o
                0x00002de4                motorIncrementPwmLeft
 .text.motorSetPwmRight
                0x00002e2c       0x9c ./Sources/drive/motor.o
                0x00002e2c                motorSetPwmRight
 .text.motorSetPwmLeft
                0x00002ec8       0x9c ./Sources/drive/motor.o
                0x00002ec8                motorSetPwmLeft
 .text.motorParseCommand
                0x00002f64      0x118 ./Sources/drive/motor.o
                0x00002f64                motorParseCommand
 .text.motorInit
                0x0000307c       0xb8 ./Sources/drive/motor.o
                0x0000307c                motorInit
 .text.NVIC_EnableIRQ
                0x00003134       0x34 ./Sources/drive/quad.o
 .text.NVIC_SetPriority
                0x00003168       0x54 ./Sources/drive/quad.o
 .text.FTM1_IRQHandler
                0x000031bc      0x274 ./Sources/drive/quad.o
                0x000031bc                FTM1_IRQHandler
 .text.FTM2_IRQHandler
                0x00003430      0x274 ./Sources/drive/quad.o
                0x00003430                FTM2_IRQHandler
 .text.quadGetSpeedLeft
                0x000036a4       0x30 ./Sources/drive/quad.o
                0x000036a4                quadGetSpeedLeft
 .text.quadGetSpeedRight
                0x000036d4       0x30 ./Sources/drive/quad.o
                0x000036d4                quadGetSpeedRight
 *fill*         0x00003704        0x4 
 .text.quadGetDistanceLeft
                0x00003708       0x50 ./Sources/drive/quad.o
                0x00003708                quadGetDistanceLeft
 .text.quadGetDistanceRight
                0x00003758       0x50 ./Sources/drive/quad.o
                0x00003758                quadGetDistanceRight
 .text.quadParseCommand
                0x000037a8      0x15c ./Sources/drive/quad.o
                0x000037a8                quadParseCommand
 .text.quadInit
                0x00003904       0xb0 ./Sources/drive/quad.o
                0x00003904                quadInit
 .text.NVIC_EnableIRQ
                0x000039b4       0x34 ./Sources/com/lpuart0.o
 .text.NVIC_DisableIRQ
                0x000039e8       0x34 ./Sources/com/lpuart0.o
 .text.NVIC_SetPriority
                0x00003a1c       0x54 ./Sources/com/lpuart0.o
 .text.NVIC_DisableIRQEx
                0x00003a70       0x24 ./Sources/com/lpuart0.o
 .text.LPUART0_IRQHandler
                0x00003a94       0xfc ./Sources/com/lpuart0.o
                0x00003a94                LPUART0_IRQHandler
 .text.lpuart0WriteChar
                0x00003b90       0x7c ./Sources/com/lpuart0.o
                0x00003b90                lpuart0WriteChar
 .text.lpuart0ReadChar
                0x00003c0c       0x68 ./Sources/com/lpuart0.o
                0x00003c0c                lpuart0ReadChar
 .text.lpuart0ReadLine
                0x00003c74       0x4e ./Sources/com/lpuart0.o
                0x00003c74                lpuart0ReadLine
 *fill*         0x00003cc2        0x2 
 .text.lpuart0HasLineReceived
                0x00003cc4       0x60 ./Sources/com/lpuart0.o
                0x00003cc4                lpuart0HasLineReceived
 .text.lpuart0Init
                0x00003d24       0xe0 ./Sources/com/lpuart0.o
                0x00003d24                lpuart0Init
 .text.termRegisterCommandLineHandler
                0x00003e04       0x64 ./Sources/com/term.o
                0x00003e04                termRegisterCommandLineHandler
 .text.termWriteChar
                0x00003e68       0x80 ./Sources/com/term.o
                0x00003e68                termWriteChar
 .text.termWrite
                0x00003ee8       0x34 ./Sources/com/term.o
                0x00003ee8                termWrite
 .text.termWriteNum32s
                0x00003f1c       0x28 ./Sources/com/term.o
                0x00003f1c                termWriteNum32s
 .text.termWriteNum16s
                0x00003f44       0x2c ./Sources/com/term.o
                0x00003f44                termWriteNum16s
 .text.termWriteLine
                0x00003f70       0x1c ./Sources/com/term.o
                0x00003f70                termWriteLine
 .text.termWriteSubString
                0x00003f8c       0x3c ./Sources/com/term.o
                0x00003f8c                termWriteSubString
 .text.termParseCommand
                0x00003fc8      0x13c ./Sources/com/term.o
                0x00003fc8                termParseCommand
 .text.termDoWork
                0x00004104       0xac ./Sources/com/term.o
                0x00004104                termDoWork
 .text.termInit
                0x000041b0       0x7c ./Sources/com/term.o
                0x000041b0                termInit
 .text.NVIC_EnableIRQ
                0x0000422c       0x34 ./Sources/com/uart0.o
 .text.NVIC_DisableIRQ
                0x00004260       0x34 ./Sources/com/uart0.o
 .text.NVIC_SetPriority
                0x00004294       0x54 ./Sources/com/uart0.o
 .text.NVIC_DisableIRQEx
                0x000042e8       0x24 ./Sources/com/uart0.o
 .text.UART0_RX_TX_IRQHandler
                0x0000430c       0xf4 ./Sources/com/uart0.o
                0x0000430c                UART0_RX_TX_IRQHandler
 .text.UART0_ERR_IRQHandler
                0x00004400       0x1c ./Sources/com/uart0.o
                0x00004400                UART0_ERR_IRQHandler
 .text.uart0WriteChar
                0x0000441c       0x80 ./Sources/com/uart0.o
                0x0000441c                uart0WriteChar
 .text.uart0ReadChar
                0x0000449c       0x68 ./Sources/com/uart0.o
                0x0000449c                uart0ReadChar
 .text.uart0ReadLine
                0x00004504       0x4e ./Sources/com/uart0.o
                0x00004504                uart0ReadLine
 *fill*         0x00004552        0x2 
 .text.uart0HasLineReceived
                0x00004554       0x60 ./Sources/com/uart0.o
                0x00004554                uart0HasLineReceived
 .text.uart0Init
                0x000045b4       0xdc ./Sources/com/uart0.o
                0x000045b4                uart0Init
 .text.NVIC_EnableIRQ
                0x00004690       0x34 ./Sources/com/uart1.o
 .text.NVIC_DisableIRQ
                0x000046c4       0x34 ./Sources/com/uart1.o
 .text.NVIC_SetPriority
                0x000046f8       0x54 ./Sources/com/uart1.o
 .text.NVIC_DisableIRQEx
                0x0000474c       0x24 ./Sources/com/uart1.o
 .text.UART1_RX_TX_IRQHandler
                0x00004770       0xf4 ./Sources/com/uart1.o
                0x00004770                UART1_RX_TX_IRQHandler
 .text.UART1_ERR_IRQHandler
                0x00004864       0x1c ./Sources/com/uart1.o
                0x00004864                UART1_ERR_IRQHandler
 .text.uart1WriteChar
                0x00004880       0x80 ./Sources/com/uart1.o
                0x00004880                uart1WriteChar
 .text.uart1ReadChar
                0x00004900       0x68 ./Sources/com/uart1.o
                0x00004900                uart1ReadChar
 .text.uart1ReadLine
                0x00004968       0x4e ./Sources/com/uart1.o
                0x00004968                uart1ReadLine
 *fill*         0x000049b6        0x2 
 .text.uart1HasLineReceived
                0x000049b8       0x60 ./Sources/com/uart1.o
                0x000049b8                uart1HasLineReceived
 .text.uart1Init
                0x00004a18       0xdc ./Sources/com/uart1.o
                0x00004a18                uart1Init
 .text.EnableDebugLeds
                0x00004af4       0x30 ./Sources/main.o
 .text.ProcessInfraredCommand
                0x00004b24      0x29c ./Sources/main.o
                0x00004b24                ProcessInfraredCommand
 .text.main     0x00004dc0      0x17c ./Sources/main.o
                0x00004dc0                main
 .text.SystemInit
                0x00004f3c      0x224 ./Project_Settings/Startup_Code/system_MK22F51212.o
                0x00004f3c                SystemInit
 .text.HardFault_HandlerC
                0x00005160       0xa0 ./Project_Settings/Startup_Code/system_MK22F51212.o
                0x00005160                HardFault_HandlerC
 .text.HardFault_Handler
                0x00005200       0x1e ./Project_Settings/Startup_Code/system_MK22F51212.o
                0x00005200                HardFault_Handler
 *fill*         0x0000521e        0x2 
 .text.exit     0x00005220       0x28 c:/program files (x86)/gnu tools arm embedded/6 2017-q2-update/bin/../lib/gcc/arm-none-eabi/6.3.1/../../../../arm-none-eabi/lib/thumb/v7e-m/fpv4-sp/hard\libg_nano.a(lib_a-exit.o)
                0x00005220                exit
 .text.__libc_init_array
                0x00005248       0x48 c:/program files (x86)/gnu tools arm embedded/6 2017-q2-update/bin/../lib/gcc/arm-none-eabi/6.3.1/../../../../arm-none-eabi/lib/thumb/v7e-m/fpv4-sp/hard\libg_nano.a(lib_a-init.o)
                0x00005248                __libc_init_array
 .text.memset   0x00005290       0x10 c:/program files (x86)/gnu tools arm embedded/6 2017-q2-update/bin/../lib/gcc/arm-none-eabi/6.3.1/../../../../arm-none-eabi/lib/thumb/v7e-m/fpv4-sp/hard\libg_nano.a(lib_a-memset.o)
                0x00005290                memset
 .text.strncmp  0x000052a0       0x24 c:/program files (x86)/gnu tools arm embedded/6 2017-q2-update/bin/../lib/gcc/arm-none-eabi/6.3.1/../../../../arm-none-eabi/lib/thumb/v7e-m/fpv4-sp/hard\libg_nano.a(lib_a-strncmp.o)
                0x000052a0                strncmp
 .text.strncpy  0x000052c4       0x2a c:/program files (x86)/gnu tools arm embedded/6 2017-q2-update/bin/../lib/gcc/arm-none-eabi/6.3.1/../../../../arm-none-eabi/lib/thumb/v7e-m/fpv4-sp/hard\libg_nano.a(lib_a-strncpy.o)
                0x000052c4                strncpy
 *fill*         0x000052ee        0x2 
 .text._exit    0x000052f0        0x4 c:/program files (x86)/gnu tools arm embedded/6 2017-q2-update/bin/../lib/gcc/arm-none-eabi/6.3.1/../../../../arm-none-eabi/lib/thumb/v7e-m/fpv4-sp/hard\libnosys.a(_exit.o)
                0x000052f0                _exit
 *(.rodata)
 .rodata        0x000052f4       0x14 ./Sources/utils/util.o
 .rodata        0x00005308       0x58 ./Sources/sound/sound.o
 .rodata        0x00005360       0x7b ./Sources/sound/soundPlayer.o
 *fill*         0x000053db        0x1 
 .rodata        0x000053dc       0x78 ./Sources/drive/motor.o
 .rodata        0x00005454       0x7a ./Sources/drive/quad.o
 *fill*         0x000054ce        0x2 
 .rodata        0x000054d0       0xc5 ./Sources/com/term.o
 *(.rodata*)
 *fill*         0x00005595        0x3 
 .rodata.noteFrequency
                0x00005598       0x62 ./Sources/sound/soundPlayer.o
                0x00005598                noteFrequency
 *fill*         0x000055fa        0x2 
 .rodata.wro    0x000055fc       0x11 ./Sources/sound/soundPlayer.o
                0x000055fc                wro
 *fill*         0x0000560d        0x3 
 .rodata.s1     0x00005610       0x9d ./Sources/sound/soundPlayer.o
                0x00005610                s1
 *fill*         0x000056ad        0x3 
 .rodata.quadTable
                0x000056b0       0x10 ./Sources/drive/quad.o
 .rodata._global_impure_ptr
                0x000056c0        0x4 c:/program files (x86)/gnu tools arm embedded/6 2017-q2-update/bin/../lib/gcc/arm-none-eabi/6.3.1/../../../../arm-none-eabi/lib/thumb/v7e-m/fpv4-sp/hard\libg_nano.a(lib_a-impure.o)
                0x000056c0                _global_impure_ptr
 *(.glue_7)
 .glue_7        0x000056c4        0x0 linker stubs
 *(.glue_7t)
 .glue_7t       0x000056c4        0x0 linker stubs
 *(.eh_frame)
 .eh_frame      0x000056c4        0x0 c:/program files (x86)/gnu tools arm embedded/6 2017-q2-update/bin/../lib/gcc/arm-none-eabi/6.3.1/thumb/v7e-m/fpv4-sp/hard/crtbegin.o
 *(.init)
 .init          0x000056c4        0x4 c:/program files (x86)/gnu tools arm embedded/6 2017-q2-update/bin/../lib/gcc/arm-none-eabi/6.3.1/thumb/v7e-m/fpv4-sp/hard/crti.o
                0x000056c4                _init
 .init          0x000056c8        0x8 c:/program files (x86)/gnu tools arm embedded/6 2017-q2-update/bin/../lib/gcc/arm-none-eabi/6.3.1/thumb/v7e-m/fpv4-sp/hard/crtn.o
 *(.fini)
 .fini          0x000056d0        0x4 c:/program files (x86)/gnu tools arm embedded/6 2017-q2-update/bin/../lib/gcc/arm-none-eabi/6.3.1/thumb/v7e-m/fpv4-sp/hard/crti.o
                0x000056d0                _fini
 .fini          0x000056d4        0x8 c:/program files (x86)/gnu tools arm embedded/6 2017-q2-update/bin/../lib/gcc/arm-none-eabi/6.3.1/thumb/v7e-m/fpv4-sp/hard/crtn.o
                0x000056dc                . = ALIGN (0x4)

.vfp11_veneer   0x000056dc        0x0
 .vfp11_veneer  0x000056dc        0x0 linker stubs

.v4_bx          0x000056dc        0x0
 .v4_bx         0x000056dc        0x0 linker stubs

.iplt           0x000056dc        0x0
 .iplt          0x000056dc        0x0 c:/program files (x86)/gnu tools arm embedded/6 2017-q2-update/bin/../lib/gcc/arm-none-eabi/6.3.1/thumb/v7e-m/fpv4-sp/hard/crtbegin.o

.ARM.extab
 *(.ARM.extab* .gnu.linkonce.armextab.*)

.ARM            0x000056dc        0x8
                0x000056dc                __exidx_start = .
 *(.ARM.exidx*)
 .ARM.exidx     0x000056dc        0x8 c:/program files (x86)/gnu tools arm embedded/6 2017-q2-update/bin/../lib/gcc/arm-none-eabi/6.3.1/../../../../arm-none-eabi/lib/thumb/v7e-m/fpv4-sp/hard/crt0.o
                0x000056e4                __exidx_end = .

.rel.dyn        0x000056e4        0x0
 .rel.iplt      0x000056e4        0x0 c:/program files (x86)/gnu tools arm embedded/6 2017-q2-update/bin/../lib/gcc/arm-none-eabi/6.3.1/thumb/v7e-m/fpv4-sp/hard/crtbegin.o

.ctors          0x000056e4        0x0
                0x000056e4                __CTOR_LIST__ = .
 *crtbegin.o(.ctors)
 *crtbegin?.o(.ctors)
 *(EXCLUDE_FILE(*crtend.o *crtend?.o) .ctors)
 *(SORT(.ctors.*))
 *(.ctors)
                0x000056e4                __CTOR_END__ = .

.dtors          0x000056e4        0x0
                0x000056e4                __DTOR_LIST__ = .
 *crtbegin.o(.dtors)
 *crtbegin?.o(.dtors)
 *(EXCLUDE_FILE(*crtend.o *crtend?.o) .dtors)
 *(SORT(.dtors.*))
 *(.dtors)
                0x000056e4                __DTOR_END__ = .

.preinit_array  0x000056e4        0x0
                0x000056e4                PROVIDE (__preinit_array_start, .)
 *(.preinit_array*)
                0x000056e4                PROVIDE (__preinit_array_end, .)

.init_array     0x000056e4        0x4
                0x000056e4                PROVIDE (__init_array_start, .)
 *(SORT(.init_array.*))
 *(.init_array*)
 .init_array    0x000056e4        0x4 c:/program files (x86)/gnu tools arm embedded/6 2017-q2-update/bin/../lib/gcc/arm-none-eabi/6.3.1/thumb/v7e-m/fpv4-sp/hard/crtbegin.o
                0x000056e8                PROVIDE (__init_array_end, .)

.fini_array     0x000056e8        0x4
                [!provide]                PROVIDE (__fini_array_start, .)
 *(SORT(.fini_array.*))
 *(.fini_array*)
 .fini_array    0x000056e8        0x4 c:/program files (x86)/gnu tools arm embedded/6 2017-q2-update/bin/../lib/gcc/arm-none-eabi/6.3.1/thumb/v7e-m/fpv4-sp/hard/crtbegin.o
                [!provide]                PROVIDE (__fini_array_end, .)
                0x000056ec                __etext = .
                0x000056ec                __DATA_ROM = .

.data           0x1fff0000      0x468 load address 0x000056ec
                0x1fff0000                . = ALIGN (0x4)
                0x1fff0000                __DATA_RAM = .
                0x1fff0000                __data_start__ = .
 *(.data)
 *(.data*)
 .data.pwmTable256
                0x1fff0000      0x400 ./Sources/utils/led.o
                0x1fff0000                pwmTable256
 .data.init.7087
                0x1fff0400        0x1 ./Sources/drive/quad.o
 .data.init.7103
                0x1fff0401        0x1 ./Sources/drive/quad.o
 .data.ki       0x1fff0402        0x1 ./Sources/main.o
                0x1fff0402                ki
 .data.kp       0x1fff0403        0x1 ./Sources/main.o
                0x1fff0403                kp
 .data.impure_data
                0x1fff0404       0x60 c:/program files (x86)/gnu tools arm embedded/6 2017-q2-update/bin/../lib/gcc/arm-none-eabi/6.3.1/../../../../arm-none-eabi/lib/thumb/v7e-m/fpv4-sp/hard\libg_nano.a(lib_a-impure.o)
 *(.jcr*)
 .jcr           0x1fff0464        0x0 c:/program files (x86)/gnu tools arm embedded/6 2017-q2-update/bin/../lib/gcc/arm-none-eabi/6.3.1/thumb/v7e-m/fpv4-sp/hard/crtbegin.o
 .jcr           0x1fff0464        0x4 c:/program files (x86)/gnu tools arm embedded/6 2017-q2-update/bin/../lib/gcc/arm-none-eabi/6.3.1/thumb/v7e-m/fpv4-sp/hard/crtend.o
                0x1fff0468                . = ALIGN (0x4)
                0x1fff0468                __data_end__ = .
                0x00005b54                __DATA_END = (__DATA_ROM + (__data_end__ - __data_start__))

.igot.plt       0x1fff0468        0x0 load address 0x00005b54
 .igot.plt      0x1fff0468        0x0 c:/program files (x86)/gnu tools arm embedded/6 2017-q2-update/bin/../lib/gcc/arm-none-eabi/6.3.1/thumb/v7e-m/fpv4-sp/hard/crtbegin.o

.bss            0x1fff0468     0x1820 load address 0x00005b54
                0x1fff0468                . = ALIGN (0x4)
                0x1fff0468                __START_BSS = .
                0x1fff0468                __bss_start__ = .
 *(.bss)
 .bss           0x1fff0468       0x1c c:/program files (x86)/gnu tools arm embedded/6 2017-q2-update/bin/../lib/gcc/arm-none-eabi/6.3.1/thumb/v7e-m/fpv4-sp/hard/crtbegin.o
 *(.bss*)
 .bss.rxCommand
                0x1fff0484        0x4 ./Sources/utils/ir.o
 .bss.rxState   0x1fff0488        0x1 ./Sources/utils/ir.o
 .bss.bytePos.6734
                0x1fff0489        0x1 ./Sources/utils/ir.o
 .bss.bitPos.6733
                0x1fff048a        0x1 ./Sources/utils/ir.o
 *fill*         0x1fff048b        0x1 
 .bss.oldTicks.6744
                0x1fff048c        0x2 ./Sources/utils/ir.o
 .bss.pulse.6745
                0x1fff048e        0x2 ./Sources/utils/ir.o
 .bss.pause.6746
                0x1fff0490        0x2 ./Sources/utils/ir.o
 .bss.tmrFrequencyTicks
                0x1fff0492        0x2 ./Sources/sound/sound.o
 .bss.tmrPlayTimeTicks
                0x1fff0494        0x4 ./Sources/sound/sound.o
 .bss.soundFinishedCallback
                0x1fff0498        0x4 ./Sources/sound/sound.o
 .bss.clh       0x1fff049c       0x38 ./Sources/sound/sound.o
 .bss.soundTitle
                0x1fff04d4        0xa ./Sources/sound/soundPlayer.o
 *fill*         0x1fff04de        0x2 
 .bss.melody    0x1fff04e0      0x640 ./Sources/sound/soundPlayer.o
 .bss.melodyPos
                0x1fff0b20        0x2 ./Sources/sound/soundPlayer.o
 .bss.melodySize
                0x1fff0b22        0x2 ./Sources/sound/soundPlayer.o
 .bss.isPlaying
                0x1fff0b24        0x1 ./Sources/sound/soundPlayer.o
 .bss.msPer64Note
                0x1fff0b25        0x1 ./Sources/sound/soundPlayer.o
 *fill*         0x1fff0b26        0x2 
 .bss.clh       0x1fff0b28       0x38 ./Sources/sound/soundPlayer.o
 .bss.playNote.7056
                0x1fff0b60        0x1 ./Sources/sound/soundPlayer.o
 *fill*         0x1fff0b61        0x1 
 .bss.setValueLeft
                0x1fff0b62        0x2 ./Sources/drive/drive.o
 .bss.setValueRight
                0x1fff0b64        0x2 ./Sources/drive/drive.o
 .bss.kpL       0x1fff0b66        0x1 ./Sources/drive/drive.o
 .bss.kiL       0x1fff0b67        0x1 ./Sources/drive/drive.o
 .bss.kdL       0x1fff0b68        0x1 ./Sources/drive/drive.o
 .bss.kpR       0x1fff0b69        0x1 ./Sources/drive/drive.o
 .bss.kiR       0x1fff0b6a        0x1 ./Sources/drive/drive.o
 .bss.kdR       0x1fff0b6b        0x1 ./Sources/drive/drive.o
 .bss.integL    0x1fff0b6c        0x2 ./Sources/drive/drive.o
 .bss.devL      0x1fff0b6e        0x2 ./Sources/drive/drive.o
 .bss.devOldL   0x1fff0b70        0x2 ./Sources/drive/drive.o
 .bss.integR    0x1fff0b72        0x2 ./Sources/drive/drive.o
 .bss.devR      0x1fff0b74        0x2 ./Sources/drive/drive.o
 .bss.devOldR   0x1fff0b76        0x2 ./Sources/drive/drive.o
 .bss.valL      0x1fff0b78        0x4 ./Sources/drive/drive.o
 .bss.valR      0x1fff0b7c        0x4 ./Sources/drive/drive.o
 .bss.speedLeft.6763
                0x1fff0b80        0x2 ./Sources/drive/drive.o
 .bss.speedRight.6764
                0x1fff0b82        0x2 ./Sources/drive/drive.o
 .bss.setValueR.6766
                0x1fff0b84        0x2 ./Sources/drive/drive.o
 .bss.setValueL.6765
                0x1fff0b86        0x2 ./Sources/drive/drive.o
 .bss.clh       0x1fff0b88       0x38 ./Sources/drive/motor.o
 .bss.valueRight
                0x1fff0bc0        0x1 ./Sources/drive/motor.o
 .bss.valueLeft
                0x1fff0bc1        0x1 ./Sources/drive/motor.o
 *fill*         0x1fff0bc2        0x2 
 .bss.ticksLeft
                0x1fff0bc4        0x4 ./Sources/drive/quad.o
 .bss.errorLeft
                0x1fff0bc8        0x1 ./Sources/drive/quad.o
 *fill*         0x1fff0bc9        0x3 
 .bss.timeLeft  0x1fff0bcc        0x4 ./Sources/drive/quad.o
 .bss.ticksRight
                0x1fff0bd0        0x4 ./Sources/drive/quad.o
 .bss.errorRight
                0x1fff0bd4        0x1 ./Sources/drive/quad.o
 *fill*         0x1fff0bd5        0x3 
 .bss.timeRight
                0x1fff0bd8        0x4 ./Sources/drive/quad.o
 .bss.clh       0x1fff0bdc       0x38 ./Sources/drive/quad.o
 .bss.fallingOkB.7080
                0x1fff0c14        0x1 ./Sources/drive/quad.o
 .bss.risingOkB.7079
                0x1fff0c15        0x1 ./Sources/drive/quad.o
 .bss.fallingOkA.7082
                0x1fff0c16        0x1 ./Sources/drive/quad.o
 .bss.risingOkA.7081
                0x1fff0c17        0x1 ./Sources/drive/quad.o
 .bss.bits.7078
                0x1fff0c18        0x1 ./Sources/drive/quad.o
 *fill*         0x1fff0c19        0x3 
 .bss.risingB.7083
                0x1fff0c1c        0x4 ./Sources/drive/quad.o
 .bss.fallingB.7084
                0x1fff0c20        0x4 ./Sources/drive/quad.o
 .bss.risingA.7085
                0x1fff0c24        0x4 ./Sources/drive/quad.o
 .bss.fallingA.7086
                0x1fff0c28        0x4 ./Sources/drive/quad.o
 .bss.fallingOkB.7096
                0x1fff0c2c        0x1 ./Sources/drive/quad.o
 .bss.risingOkB.7095
                0x1fff0c2d        0x1 ./Sources/drive/quad.o
 .bss.fallingOkA.7098
                0x1fff0c2e        0x1 ./Sources/drive/quad.o
 .bss.risingOkA.7097
                0x1fff0c2f        0x1 ./Sources/drive/quad.o
 .bss.bits.7094
                0x1fff0c30        0x1 ./Sources/drive/quad.o
 *fill*         0x1fff0c31        0x3 
 .bss.risingB.7099
                0x1fff0c34        0x4 ./Sources/drive/quad.o
 .bss.fallingB.7100
                0x1fff0c38        0x4 ./Sources/drive/quad.o
 .bss.risingA.7101
                0x1fff0c3c        0x4 ./Sources/drive/quad.o
 .bss.fallingA.7102
                0x1fff0c40        0x4 ./Sources/drive/quad.o
 .bss.rxBuf     0x1fff0c44      0x200 ./Sources/com/lpuart0.o
 .bss.rxBufCount
                0x1fff0e44        0x2 ./Sources/com/lpuart0.o
 .bss.rxBufWritePos
                0x1fff0e46        0x2 ./Sources/com/lpuart0.o
 .bss.rxBufReadPos
                0x1fff0e48        0x2 ./Sources/com/lpuart0.o
 *fill*         0x1fff0e4a        0x2 
 .bss.txBuf     0x1fff0e4c      0x200 ./Sources/com/lpuart0.o
 .bss.txBufCount
                0x1fff104c        0x2 ./Sources/com/lpuart0.o
 .bss.txBufWritePos
                0x1fff104e        0x2 ./Sources/com/lpuart0.o
 .bss.txBufReadPos
                0x1fff1050        0x2 ./Sources/com/lpuart0.o
 .bss.destination
                0x1fff1052        0x1 ./Sources/com/term.o
 *fill*         0x1fff1053        0x1 
 .bss.head      0x1fff1054        0x4 ./Sources/com/term.o
 .bss.rxBuf     0x1fff1058      0x200 ./Sources/com/uart0.o
 .bss.rxBufCount
                0x1fff1258        0x2 ./Sources/com/uart0.o
 .bss.rxBufWritePos
                0x1fff125a        0x2 ./Sources/com/uart0.o
 .bss.rxBufReadPos
                0x1fff125c        0x2 ./Sources/com/uart0.o
 *fill*         0x1fff125e        0x2 
 .bss.txBuf     0x1fff1260      0x200 ./Sources/com/uart0.o
 .bss.txBufCount
                0x1fff1460        0x2 ./Sources/com/uart0.o
 .bss.txBufWritePos
                0x1fff1462        0x2 ./Sources/com/uart0.o
 .bss.txBufReadPos
                0x1fff1464        0x2 ./Sources/com/uart0.o
 *fill*         0x1fff1466        0x2 
 .bss.rxBuf     0x1fff1468      0x200 ./Sources/com/uart1.o
 .bss.rxBufCount
                0x1fff1668        0x2 ./Sources/com/uart1.o
 .bss.rxBufWritePos
                0x1fff166a        0x2 ./Sources/com/uart1.o
 .bss.rxBufReadPos
                0x1fff166c        0x2 ./Sources/com/uart1.o
 *fill*         0x1fff166e        0x2 
 .bss.txBuf     0x1fff1670      0x200 ./Sources/com/uart1.o
 .bss.txBufCount
                0x1fff1870        0x2 ./Sources/com/uart1.o
 .bss.txBufWritePos
                0x1fff1872        0x2 ./Sources/com/uart1.o
 .bss.txBufReadPos
                0x1fff1874        0x2 ./Sources/com/uart1.o
 .bss.speedL    0x1fff1876        0x2 ./Sources/main.o
                0x1fff1876                speedL
 .bss.speedR    0x1fff1878        0x2 ./Sources/main.o
                0x1fff1878                speedR
 .bss.j.6867    0x1fff187a        0x2 ./Sources/main.o
 .bss.i.6866    0x1fff187c        0x2 ./Sources/main.o
 .bss.k.6868    0x1fff187e        0x2 ./Sources/main.o
 *(COMMON)
 COMMON         0x1fff1880      0x408 ./Sources/drive/drive.o
                0x1fff1880                sri
                0x1fff1884                sl
                0x1fff1a84                sli
                0x1fff1a88                sr
                0x1fff1c88                . = ALIGN (0x4)
                0x1fff1c88                __bss_end__ = .
                0x1fff1c88                __END_BSS = .

.heap           0x20000000      0x400
                0x20000000                . = ALIGN (0x8)
                0x20000000                __end__ = .
                [!provide]                PROVIDE (end, .)
                0x20000000                __HeapBase = .
                0x20000400                . = (. + HEAP_SIZE)
 *fill*         0x20000000      0x400 
                0x20000400                __HeapLimit = .

.stack          0x20000400      0x400
                0x20000400                . = ALIGN (0x8)
                0x20000800                . = (. + STACK_SIZE)
 *fill*         0x20000400      0x400 
                0x20010000                __StackTop = (ORIGIN (m_data_2) + LENGTH (m_data_2))
                0x2000fc00                __StackLimit = (__StackTop - STACK_SIZE)
                0x20010000                PROVIDE (__stack, __StackTop)

.ARM.attributes
                0x00000000       0x30
 *(.ARM.attributes)
 .ARM.attributes
                0x00000000       0x22 c:/program files (x86)/gnu tools arm embedded/6 2017-q2-update/bin/../lib/gcc/arm-none-eabi/6.3.1/thumb/v7e-m/fpv4-sp/hard/crti.o
 .ARM.attributes
                0x00000022       0x34 c:/program files (x86)/gnu tools arm embedded/6 2017-q2-update/bin/../lib/gcc/arm-none-eabi/6.3.1/thumb/v7e-m/fpv4-sp/hard/crtbegin.o
 .ARM.attributes
                0x00000056       0x20 c:/program files (x86)/gnu tools arm embedded/6 2017-q2-update/bin/../lib/gcc/arm-none-eabi/6.3.1/../../../../arm-none-eabi/lib/thumb/v7e-m/fpv4-sp/hard/crt0.o
 .ARM.attributes
                0x00000076       0x39 ./Sources/utils/color.o
 .ARM.attributes
                0x000000af       0x39 ./Sources/utils/ftm0.o
 .ARM.attributes
                0x000000e8       0x39 ./Sources/utils/ftm3.o
 .ARM.attributes
                0x00000121       0x39 ./Sources/utils/ir.o
 .ARM.attributes
                0x0000015a       0x39 ./Sources/utils/led.o
 .ARM.attributes
                0x00000193       0x39 ./Sources/utils/util.o
 .ARM.attributes
                0x000001cc       0x39 ./Sources/sound/sound.o
 .ARM.attributes
                0x00000205       0x39 ./Sources/sound/soundPlayer.o
 .ARM.attributes
                0x0000023e       0x39 ./Sources/drive/drive.o
 .ARM.attributes
                0x00000277       0x39 ./Sources/drive/motor.o
 .ARM.attributes
                0x000002b0       0x39 ./Sources/drive/quad.o
 .ARM.attributes
                0x000002e9       0x39 ./Sources/com/lpuart0.o
 .ARM.attributes
                0x00000322       0x39 ./Sources/com/term.o
 .ARM.attributes
                0x0000035b       0x39 ./Sources/com/uart0.o
 .ARM.attributes
                0x00000394       0x39 ./Sources/com/uart1.o
 .ARM.attributes
                0x000003cd       0x39 ./Sources/main.o
 .ARM.attributes
                0x00000406       0x1f ./Project_Settings/Startup_Code/startup_MK22F51212.o
 .ARM.attributes
                0x00000425       0x39 ./Project_Settings/Startup_Code/system_MK22F51212.o
 .ARM.attributes
                0x0000045e       0x22 c:/program files (x86)/gnu tools arm embedded/6 2017-q2-update/bin/../lib/gcc/arm-none-eabi/6.3.1/thumb/v7e-m/fpv4-sp/hard\libgcc.a(_arm_addsubdf3.o)
 .ARM.attributes
                0x00000480       0x22 c:/program files (x86)/gnu tools arm embedded/6 2017-q2-update/bin/../lib/gcc/arm-none-eabi/6.3.1/thumb/v7e-m/fpv4-sp/hard\libgcc.a(_arm_muldivdf3.o)
 .ARM.attributes
                0x000004a2       0x22 c:/program files (x86)/gnu tools arm embedded/6 2017-q2-update/bin/../lib/gcc/arm-none-eabi/6.3.1/thumb/v7e-m/fpv4-sp/hard\libgcc.a(_arm_fixdfsi.o)
 .ARM.attributes
                0x000004c4       0x34 c:/program files (x86)/gnu tools arm embedded/6 2017-q2-update/bin/../lib/gcc/arm-none-eabi/6.3.1/../../../../arm-none-eabi/lib/thumb/v7e-m/fpv4-sp/hard\libg_nano.a(lib_a-exit.o)
 .ARM.attributes
                0x000004f8       0x34 c:/program files (x86)/gnu tools arm embedded/6 2017-q2-update/bin/../lib/gcc/arm-none-eabi/6.3.1/../../../../arm-none-eabi/lib/thumb/v7e-m/fpv4-sp/hard\libg_nano.a(lib_a-impure.o)
 .ARM.attributes
                0x0000052c       0x34 c:/program files (x86)/gnu tools arm embedded/6 2017-q2-update/bin/../lib/gcc/arm-none-eabi/6.3.1/../../../../arm-none-eabi/lib/thumb/v7e-m/fpv4-sp/hard\libg_nano.a(lib_a-init.o)
 .ARM.attributes
                0x00000560       0x34 c:/program files (x86)/gnu tools arm embedded/6 2017-q2-update/bin/../lib/gcc/arm-none-eabi/6.3.1/../../../../arm-none-eabi/lib/thumb/v7e-m/fpv4-sp/hard\libg_nano.a(lib_a-memset.o)
 .ARM.attributes
                0x00000594       0x20 c:/program files (x86)/gnu tools arm embedded/6 2017-q2-update/bin/../lib/gcc/arm-none-eabi/6.3.1/../../../../arm-none-eabi/lib/thumb/v7e-m/fpv4-sp/hard\libg_nano.a(lib_a-strcmp.o)
 .ARM.attributes
                0x000005b4       0x1b c:/program files (x86)/gnu tools arm embedded/6 2017-q2-update/bin/../lib/gcc/arm-none-eabi/6.3.1/../../../../arm-none-eabi/lib/thumb/v7e-m/fpv4-sp/hard\libg_nano.a(lib_a-strlen.o)
 .ARM.attributes
                0x000005cf       0x34 c:/program files (x86)/gnu tools arm embedded/6 2017-q2-update/bin/../lib/gcc/arm-none-eabi/6.3.1/../../../../arm-none-eabi/lib/thumb/v7e-m/fpv4-sp/hard\libg_nano.a(lib_a-strncmp.o)
 .ARM.attributes
                0x00000603       0x34 c:/program files (x86)/gnu tools arm embedded/6 2017-q2-update/bin/../lib/gcc/arm-none-eabi/6.3.1/../../../../arm-none-eabi/lib/thumb/v7e-m/fpv4-sp/hard\libg_nano.a(lib_a-strncpy.o)
 .ARM.attributes
                0x00000637       0x34 c:/program files (x86)/gnu tools arm embedded/6 2017-q2-update/bin/../lib/gcc/arm-none-eabi/6.3.1/../../../../arm-none-eabi/lib/thumb/v7e-m/fpv4-sp/hard\libnosys.a(_exit.o)
 .ARM.attributes
                0x0000066b       0x34 c:/program files (x86)/gnu tools arm embedded/6 2017-q2-update/bin/../lib/gcc/arm-none-eabi/6.3.1/thumb/v7e-m/fpv4-sp/hard/crtend.o
 .ARM.attributes
                0x0000069f       0x22 c:/program files (x86)/gnu tools arm embedded/6 2017-q2-update/bin/../lib/gcc/arm-none-eabi/6.3.1/thumb/v7e-m/fpv4-sp/hard/crtn.o
                0x00000001                ASSERT ((__StackLimit >= __HeapLimit), region m_data_2 overflowed with stack and heap)
OUTPUT(Ueb09_Timer_PWM_Drive.elf elf32-littlearm)

.debug_info     0x00000000     0xb995
 .debug_info    0x00000000      0x1fb ./Sources/utils/color.o
 .debug_info    0x000001fb      0x9ae ./Sources/utils/ftm0.o
 .debug_info    0x00000ba9      0x9ae ./Sources/utils/ftm3.o
 .debug_info    0x00001557      0x586 ./Sources/utils/ir.o
 .debug_info    0x00001add      0x4ee ./Sources/utils/led.o
 .debug_info    0x00001fcb      0xe54 ./Sources/utils/util.o
 .debug_info    0x00002e1f      0xda5 ./Sources/sound/sound.o
 .debug_info    0x00003bc4      0xc86 ./Sources/sound/soundPlayer.o
 .debug_info    0x0000484a      0x352 ./Sources/drive/drive.o
 .debug_info    0x00004b9c      0xe18 ./Sources/drive/motor.o
 .debug_info    0x000059b4     0x16e8 ./Sources/drive/quad.o
 .debug_info    0x0000709c      0xc1f ./Sources/com/lpuart0.o
 .debug_info    0x00007cbb      0xe1f ./Sources/com/term.o
 .debug_info    0x00008ada      0xe4d ./Sources/com/uart0.o
 .debug_info    0x00009927      0xe4d ./Sources/com/uart1.o
 .debug_info    0x0000a774      0x4ec ./Sources/main.o
 .debug_info    0x0000ac60       0xe9 ./Project_Settings/Startup_Code/startup_MK22F51212.o
 .debug_info    0x0000ad49      0xc4c ./Project_Settings/Startup_Code/system_MK22F51212.o

.debug_abbrev   0x00000000     0x213b
 .debug_abbrev  0x00000000       0xcd ./Sources/utils/color.o
 .debug_abbrev  0x000000cd      0x165 ./Sources/utils/ftm0.o
 .debug_abbrev  0x00000232      0x165 ./Sources/utils/ftm3.o
 .debug_abbrev  0x00000397      0x193 ./Sources/utils/ir.o
 .debug_abbrev  0x0000052a      0x156 ./Sources/utils/led.o
 .debug_abbrev  0x00000680      0x2b6 ./Sources/utils/util.o
 .debug_abbrev  0x00000936      0x25a ./Sources/sound/sound.o
 .debug_abbrev  0x00000b90      0x2de ./Sources/sound/soundPlayer.o
 .debug_abbrev  0x00000e6e      0x106 ./Sources/drive/drive.o
 .debug_abbrev  0x00000f74      0x27f ./Sources/drive/motor.o
 .debug_abbrev  0x000011f3      0x303 ./Sources/drive/quad.o
 .debug_abbrev  0x000014f6      0x243 ./Sources/com/lpuart0.o
 .debug_abbrev  0x00001739      0x224 ./Sources/com/term.o
 .debug_abbrev  0x0000195d      0x27e ./Sources/com/uart0.o
 .debug_abbrev  0x00001bdb      0x27e ./Sources/com/uart1.o
 .debug_abbrev  0x00001e59      0x156 ./Sources/main.o
 .debug_abbrev  0x00001faf       0x14 ./Project_Settings/Startup_Code/startup_MK22F51212.o
 .debug_abbrev  0x00001fc3      0x178 ./Project_Settings/Startup_Code/system_MK22F51212.o

.debug_aranges  0x00000000      0x598
 .debug_aranges
                0x00000000       0x28 ./Sources/utils/color.o
 .debug_aranges
                0x00000028       0x40 ./Sources/utils/ftm0.o
 .debug_aranges
                0x00000068       0x40 ./Sources/utils/ftm3.o
 .debug_aranges
                0x000000a8       0x38 ./Sources/utils/ir.o
 .debug_aranges
                0x000000e0       0x38 ./Sources/utils/led.o
 .debug_aranges
                0x00000118       0x78 ./Sources/utils/util.o
 .debug_aranges
                0x00000190       0x40 ./Sources/sound/sound.o
 .debug_aranges
                0x000001d0       0x60 ./Sources/sound/soundPlayer.o
 .debug_aranges
                0x00000230       0x38 ./Sources/drive/drive.o
 .debug_aranges
                0x00000268       0x48 ./Sources/drive/motor.o
 .debug_aranges
                0x000002b0       0x68 ./Sources/drive/quad.o
 .debug_aranges
                0x00000318       0x80 ./Sources/com/lpuart0.o
 .debug_aranges
                0x00000398       0x68 ./Sources/com/term.o
 .debug_aranges
                0x00000400       0x88 ./Sources/com/uart0.o
 .debug_aranges
                0x00000488       0x88 ./Sources/com/uart1.o
 .debug_aranges
                0x00000510       0x30 ./Sources/main.o
 .debug_aranges
                0x00000540       0x20 ./Project_Settings/Startup_Code/startup_MK22F51212.o
 .debug_aranges
                0x00000560       0x38 ./Project_Settings/Startup_Code/system_MK22F51212.o

.debug_ranges   0x00000000      0x468
 .debug_ranges  0x00000000       0x18 ./Sources/utils/color.o
 .debug_ranges  0x00000018       0x30 ./Sources/utils/ftm0.o
 .debug_ranges  0x00000048       0x30 ./Sources/utils/ftm3.o
 .debug_ranges  0x00000078       0x28 ./Sources/utils/ir.o
 .debug_ranges  0x000000a0       0x28 ./Sources/utils/led.o
 .debug_ranges  0x000000c8       0x68 ./Sources/utils/util.o
 .debug_ranges  0x00000130       0x30 ./Sources/sound/sound.o
 .debug_ranges  0x00000160       0x50 ./Sources/sound/soundPlayer.o
 .debug_ranges  0x000001b0       0x28 ./Sources/drive/drive.o
 .debug_ranges  0x000001d8       0x38 ./Sources/drive/motor.o
 .debug_ranges  0x00000210       0x58 ./Sources/drive/quad.o
 .debug_ranges  0x00000268       0x70 ./Sources/com/lpuart0.o
 .debug_ranges  0x000002d8       0x58 ./Sources/com/term.o
 .debug_ranges  0x00000330       0x78 ./Sources/com/uart0.o
 .debug_ranges  0x000003a8       0x78 ./Sources/com/uart1.o
 .debug_ranges  0x00000420       0x20 ./Sources/main.o
 .debug_ranges  0x00000440       0x28 ./Project_Settings/Startup_Code/system_MK22F51212.o

.debug_macro    0x00000000    0x12d7f
 .debug_macro   0x00000000       0xc7 ./Sources/utils/color.o
 .debug_macro   0x000000c7      0x898 ./Sources/utils/color.o
 .debug_macro   0x0000095f       0x16 ./Sources/utils/color.o
 .debug_macro   0x00000975       0x22 ./Sources/utils/color.o
 .debug_macro   0x00000997       0x4f ./Sources/utils/color.o
 .debug_macro   0x000009e6       0x51 ./Sources/utils/color.o
 .debug_macro   0x00000a37       0xef ./Sources/utils/color.o
 .debug_macro   0x00000b26       0x6a ./Sources/utils/color.o
 .debug_macro   0x00000b90      0x1df ./Sources/utils/color.o
 .debug_macro   0x00000d6f       0x55 ./Sources/utils/color.o
 .debug_macro   0x00000dc4       0x3b ./Sources/utils/color.o
 .debug_macro   0x00000dff       0x34 ./Sources/utils/color.o
 .debug_macro   0x00000e33       0x26 ./Sources/utils/color.o
 .debug_macro   0x00000e59      0xd1d ./Sources/utils/color.o
 .debug_macro   0x00001b76       0xd9 ./Sources/utils/color.o
 .debug_macro   0x00001c4f     0xefee ./Sources/utils/color.o
 .debug_macro   0x00010c3d      0x12c ./Sources/utils/color.o
 .debug_macro   0x00010d69       0xd2 ./Sources/utils/ftm0.o
 .debug_macro   0x00010e3b       0x1c ./Sources/utils/ftm0.o
 .debug_macro   0x00010e57       0xd2 ./Sources/utils/ftm3.o
 .debug_macro   0x00010f29       0x1c ./Sources/utils/ftm3.o
 .debug_macro   0x00010f45       0xe1 ./Sources/utils/ir.o
 .debug_macro   0x00011026       0xee ./Sources/utils/ir.o
 .debug_macro   0x00011114       0xeb ./Sources/utils/led.o
 .debug_macro   0x000111ff      0x181 ./Sources/utils/util.o
 .debug_macro   0x00011380       0x52 ./Sources/utils/util.o
 .debug_macro   0x000113d2       0x55 ./Sources/utils/util.o
 .debug_macro   0x00011427       0x35 ./Sources/utils/util.o
 .debug_macro   0x0001145c       0x9c ./Sources/utils/util.o
 .debug_macro   0x000114f8       0x16 ./Sources/utils/util.o
 .debug_macro   0x0001150e      0x10e ./Sources/utils/util.o
 .debug_macro   0x0001161c       0x86 ./Sources/utils/util.o
 .debug_macro   0x000116a2       0x57 ./Sources/utils/util.o
 .debug_macro   0x000116f9       0x58 ./Sources/utils/util.o
 .debug_macro   0x00011751       0x1f ./Sources/utils/util.o
 .debug_macro   0x00011770       0x43 ./Sources/utils/util.o
 .debug_macro   0x000117b3       0x20 ./Sources/utils/util.o
 .debug_macro   0x000117d3      0x187 ./Sources/utils/util.o
 .debug_macro   0x0001195a      0x353 ./Sources/utils/util.o
 .debug_macro   0x00011cad       0x22 ./Sources/utils/util.o
 .debug_macro   0x00011ccf      0x190 ./Sources/sound/sound.o
 .debug_macro   0x00011e5f      0x16d ./Sources/sound/sound.o
 .debug_macro   0x00011fcc       0x10 ./Sources/sound/sound.o
 .debug_macro   0x00011fdc       0x35 ./Sources/sound/sound.o
 .debug_macro   0x00012011      0x192 ./Sources/sound/soundPlayer.o
 .debug_macro   0x000121a3      0x103 ./Sources/drive/drive.o
 .debug_macro   0x000122a6       0x22 ./Sources/drive/drive.o
 .debug_macro   0x000122c8       0x10 ./Sources/drive/drive.o
 .debug_macro   0x000122d8      0x1c5 ./Sources/drive/motor.o
 .debug_macro   0x0001249d       0x58 ./Sources/drive/motor.o
 .debug_macro   0x000124f5      0x1d5 ./Sources/drive/quad.o
 .debug_macro   0x000126ca       0xd2 ./Sources/com/lpuart0.o
 .debug_macro   0x0001279c       0x6a ./Sources/com/lpuart0.o
 .debug_macro   0x00012806      0x18c ./Sources/com/term.o
 .debug_macro   0x00012992       0xd2 ./Sources/com/uart0.o
 .debug_macro   0x00012a64       0xc6 ./Sources/com/uart1.o
 .debug_macro   0x00012b2a      0x12f ./Sources/main.o
 .debug_macro   0x00012c59       0x16 ./Sources/main.o
 .debug_macro   0x00012c6f       0xa9 ./Project_Settings/Startup_Code/system_MK22F51212.o
 .debug_macro   0x00012d18       0x67 ./Project_Settings/Startup_Code/system_MK22F51212.o

.debug_line     0x00000000     0x4671
 .debug_line    0x00000000      0x375 ./Sources/utils/color.o
 .debug_line    0x00000375      0x347 ./Sources/utils/ftm0.o
 .debug_line    0x000006bc      0x347 ./Sources/utils/ftm3.o
 .debug_line    0x00000a03      0x395 ./Sources/utils/ir.o
 .debug_line    0x00000d98      0x323 ./Sources/utils/led.o
 .debug_line    0x000010bb      0x573 ./Sources/utils/util.o
 .debug_line    0x0000162e      0x3f0 ./Sources/sound/sound.o
 .debug_line    0x00001a1e      0x548 ./Sources/sound/soundPlayer.o
 .debug_line    0x00001f66      0x3b0 ./Sources/drive/drive.o
 .debug_line    0x00002316      0x444 ./Sources/drive/motor.o
 .debug_line    0x0000275a      0x566 ./Sources/drive/quad.o
 .debug_line    0x00002cc0      0x435 ./Sources/com/lpuart0.o
 .debug_line    0x000030f5      0x473 ./Sources/com/term.o
 .debug_line    0x00003568      0x44a ./Sources/com/uart0.o
 .debug_line    0x000039b2      0x44a ./Sources/com/uart1.o
 .debug_line    0x00003dfc      0x3e0 ./Sources/main.o
 .debug_line    0x000041dc       0xe9 ./Project_Settings/Startup_Code/startup_MK22F51212.o
 .debug_line    0x000042c5      0x3ac ./Project_Settings/Startup_Code/system_MK22F51212.o

.debug_str      0x00000000    0x64cc3
 .debug_str     0x00000000    0x5f5ec ./Sources/utils/color.o
                              0x5f783 (size before relaxing)
 .debug_str     0x0005f5ec      0x7ed ./Sources/utils/ftm0.o
                              0x5ff25 (size before relaxing)
 .debug_str     0x0005fdd9       0xca ./Sources/utils/ftm3.o
                              0x5ff27 (size before relaxing)
 .debug_str     0x0005fea3      0x7ac ./Sources/utils/ir.o
                              0x5ffdf (size before relaxing)
 .debug_str     0x0006064f      0x281 ./Sources/utils/led.o
                              0x5fa52 (size before relaxing)
 .debug_str     0x000608d0     0x30b3 ./Sources/utils/util.o
                              0x62890 (size before relaxing)
 .debug_str     0x00063983      0x144 ./Sources/sound/sound.o
                              0x629ad (size before relaxing)
 .debug_str     0x00063ac7      0x14b ./Sources/sound/soundPlayer.o
                              0x6292b (size before relaxing)
 .debug_str     0x00063c12      0x253 ./Sources/drive/drive.o
                              0x5f954 (size before relaxing)
 .debug_str     0x00063e65      0x230 ./Sources/drive/motor.o
                              0x62b46 (size before relaxing)
 .debug_str     0x00064095      0x367 ./Sources/drive/quad.o
                              0x63249 (size before relaxing)
 .debug_str     0x000643fc      0x2bc ./Sources/com/lpuart0.o
                              0x600ea (size before relaxing)
 .debug_str     0x000646b8       0xf3 ./Sources/com/term.o
                              0x62a51 (size before relaxing)
 .debug_str     0x000647ab      0x186 ./Sources/com/uart0.o
                              0x601a2 (size before relaxing)
 .debug_str     0x00064931       0xb7 ./Sources/com/uart1.o
                              0x60128 (size before relaxing)
 .debug_str     0x000649e8       0xd7 ./Sources/main.o
                              0x600ed (size before relaxing)
 .debug_str     0x00064abf      0x204 ./Project_Settings/Startup_Code/system_MK22F51212.o
                              0x5f930 (size before relaxing)

.comment        0x00000000       0x7f
 .comment       0x00000000       0x7f ./Sources/utils/color.o
                                 0x80 (size before relaxing)
 .comment       0x0000007f       0x80 ./Sources/utils/ftm0.o
 .comment       0x0000007f       0x80 ./Sources/utils/ftm3.o
 .comment       0x0000007f       0x80 ./Sources/utils/ir.o
 .comment       0x0000007f       0x80 ./Sources/utils/led.o
 .comment       0x0000007f       0x80 ./Sources/utils/util.o
 .comment       0x0000007f       0x80 ./Sources/sound/sound.o
 .comment       0x0000007f       0x80 ./Sources/sound/soundPlayer.o
 .comment       0x0000007f       0x80 ./Sources/drive/drive.o
 .comment       0x0000007f       0x80 ./Sources/drive/motor.o
 .comment       0x0000007f       0x80 ./Sources/drive/quad.o
 .comment       0x0000007f       0x80 ./Sources/com/lpuart0.o
 .comment       0x0000007f       0x80 ./Sources/com/term.o
 .comment       0x0000007f       0x80 ./Sources/com/uart0.o
 .comment       0x0000007f       0x80 ./Sources/com/uart1.o
 .comment       0x0000007f       0x80 ./Sources/main.o
 .comment       0x0000007f       0x80 ./Project_Settings/Startup_Code/system_MK22F51212.o

.debug_frame    0x00000000     0x15b4
 .debug_frame   0x00000000       0x60 ./Sources/utils/color.o
 .debug_frame   0x00000060       0xbc ./Sources/utils/ftm0.o
 .debug_frame   0x0000011c       0xbc ./Sources/utils/ftm3.o
 .debug_frame   0x000001d8       0xac ./Sources/utils/ir.o
 .debug_frame   0x00000284       0xac ./Sources/utils/led.o
 .debug_frame   0x00000330      0x1f0 ./Sources/utils/util.o
 .debug_frame   0x00000520       0xc0 ./Sources/sound/sound.o
 .debug_frame   0x000005e0      0x144 ./Sources/sound/soundPlayer.o
 .debug_frame   0x00000724       0xac ./Sources/drive/drive.o
 .debug_frame   0x000007d0       0xf4 ./Sources/drive/motor.o
 .debug_frame   0x000008c4      0x18c ./Sources/drive/quad.o
 .debug_frame   0x00000a50      0x214 ./Sources/com/lpuart0.o
 .debug_frame   0x00000c64      0x1a4 ./Sources/com/term.o
 .debug_frame   0x00000e08      0x238 ./Sources/com/uart0.o
 .debug_frame   0x00001040      0x238 ./Sources/com/uart1.o
 .debug_frame   0x00001278       0x7c ./Sources/main.o
 .debug_frame   0x000012f4       0x98 ./Project_Settings/Startup_Code/system_MK22F51212.o
 .debug_frame   0x0000138c       0xac c:/program files (x86)/gnu tools arm embedded/6 2017-q2-update/bin/../lib/gcc/arm-none-eabi/6.3.1/thumb/v7e-m/fpv4-sp/hard\libgcc.a(_arm_addsubdf3.o)
 .debug_frame   0x00001438       0x50 c:/program files (x86)/gnu tools arm embedded/6 2017-q2-update/bin/../lib/gcc/arm-none-eabi/6.3.1/thumb/v7e-m/fpv4-sp/hard\libgcc.a(_arm_muldivdf3.o)
 .debug_frame   0x00001488       0x24 c:/program files (x86)/gnu tools arm embedded/6 2017-q2-update/bin/../lib/gcc/arm-none-eabi/6.3.1/thumb/v7e-m/fpv4-sp/hard\libgcc.a(_arm_fixdfsi.o)
 .debug_frame   0x000014ac       0x28 c:/program files (x86)/gnu tools arm embedded/6 2017-q2-update/bin/../lib/gcc/arm-none-eabi/6.3.1/../../../../arm-none-eabi/lib/thumb/v7e-m/fpv4-sp/hard\libg_nano.a(lib_a-exit.o)
 .debug_frame   0x000014d4       0x2c c:/program files (x86)/gnu tools arm embedded/6 2017-q2-update/bin/../lib/gcc/arm-none-eabi/6.3.1/../../../../arm-none-eabi/lib/thumb/v7e-m/fpv4-sp/hard\libg_nano.a(lib_a-init.o)
 .debug_frame   0x00001500       0x20 c:/program files (x86)/gnu tools arm embedded/6 2017-q2-update/bin/../lib/gcc/arm-none-eabi/6.3.1/../../../../arm-none-eabi/lib/thumb/v7e-m/fpv4-sp/hard\libg_nano.a(lib_a-memset.o)
 .debug_frame   0x00001520       0x20 c:/program files (x86)/gnu tools arm embedded/6 2017-q2-update/bin/../lib/gcc/arm-none-eabi/6.3.1/../../../../arm-none-eabi/lib/thumb/v7e-m/fpv4-sp/hard\libg_nano.a(lib_a-strcmp.o)
 .debug_frame   0x00001540       0x28 c:/program files (x86)/gnu tools arm embedded/6 2017-q2-update/bin/../lib/gcc/arm-none-eabi/6.3.1/../../../../arm-none-eabi/lib/thumb/v7e-m/fpv4-sp/hard\libg_nano.a(lib_a-strncmp.o)
 .debug_frame   0x00001568       0x2c c:/program files (x86)/gnu tools arm embedded/6 2017-q2-update/bin/../lib/gcc/arm-none-eabi/6.3.1/../../../../arm-none-eabi/lib/thumb/v7e-m/fpv4-sp/hard\libg_nano.a(lib_a-strncpy.o)
 .debug_frame   0x00001594       0x20 c:/program files (x86)/gnu tools arm embedded/6 2017-q2-update/bin/../lib/gcc/arm-none-eabi/6.3.1/../../../../arm-none-eabi/lib/thumb/v7e-m/fpv4-sp/hard\libnosys.a(_exit.o)
